ARM Linker, 4.1 [Build 481] [Standard]

==============================================================================

Section Cross References

    stm32f10x_vector.o(RESET) refers to stm32f10x_vector.o(STACK) for __initial_sp
    stm32f10x_vector.o(RESET) refers to stm32f10x_vector.o(.text) for Reset_Handler
    stm32f10x_vector.o(RESET) refers to stm32f10x_it.o(.text) for NMIException
    stm32f10x_vector.o(.text) refers to entry.o(.ARM.Collect$$$$00000000) for __main
    main.o(.text) refers to fflti.o(.text) for __aeabi_i2f
    main.o(.text) refers to fmul.o(.text) for __aeabi_fmul
    main.o(.text) refers to fadd.o(.text) for __aeabi_fadd
    main.o(.text) refers to ffixi.o(.text) for __aeabi_f2iz
    main.o(.text) refers to stm32f10x_systick.o(.text) for SysTick_CLKSourceConfig
    main.o(.text) refers to stm32f10x_nvic.o(.text) for NVIC_SystemHandlerPriorityConfig
    main.o(.text) refers to stm32f10x_gpio.o(.text) for GPIO_Init
    main.o(.text) refers to stm32f10x_exti.o(.text) for EXTI_Init
    main.o(.text) refers to stm32f10x_rcc.o(.text) for RCC_DeInit
    main.o(.text) refers to stm32f10x_flash.o(.text) for FLASH_PrefetchBufferCmd
    main.o(.text) refers to can.o(.text) for CAN_Config
    main.o(.text) refers to adc.o(.text) for DMA_Configuration1
    main.o(.text) refers to tim3.o(.text) for TIM3_Configuration1
    main.o(.text) refers to tim2.o(.text) for TIM2_Configuration1
    main.o(.text) refers to tim4.o(.text) for TIM4_Configuration1
    main.o(.text) refers to main.o(.data) for ek
    main.o(.text) refers to cfrcmple.o(.text) for __aeabi_cfrcmple
    main.o(.text) refers to cfcmple.o(.text) for __aeabi_cfcmple
    main.o(.text) refers to can.o(.bss) for tmp_TxMessage
    main.o(.text) refers to stm32f10x_it.o(.data) for My_PWM
    main.o(.data) refers to main.o(.conststring) for .conststring
    adc.o(.text) refers to stm32f10x_rcc.o(.text) for RCC_APB2PeriphClockCmd
    adc.o(.text) refers to stm32f10x_adc.o(.text) for ADC_Init
    adc.o(.text) refers to stm32f10x_dma.o(.text) for DMA_DeInit
    adc.o(.text) refers to main.o(.bss) for ADC_ConvertedValue
    tim3.o(.text) refers to stm32f10x_rcc.o(.text) for RCC_APB1PeriphClockCmd
    tim3.o(.text) refers to stm32f10x_tim.o(.text) for TIM_TimeBaseInit
    tim3.o(.text) refers to main.o(.bss) for TIM_TimeBaseStructure
    can.o(.text) refers to stm32f10x_rcc.o(.text) for RCC_APB2PeriphClockCmd
    can.o(.text) refers to stm32f10x_gpio.o(.text) for GPIO_Init
    can.o(.text) refers to stm32f10x_can.o(.text) for CAN_DeInit
    tim2.o(.text) refers to stm32f10x_tim.o(.text) for TIM_DeInit
    tim2.o(.text) refers to stm32f10x_rcc.o(.text) for RCC_APB1PeriphClockCmd
    tim4.o(.text) refers to stm32f10x_tim.o(.text) for TIM_DeInit
    tim4.o(.text) refers to stm32f10x_rcc.o(.text) for RCC_APB1PeriphClockCmd
    stm32f10x_adc.o(.text) refers to stm32f10x_rcc.o(.text) for RCC_APB2PeriphResetCmd
    stm32f10x_bkp.o(.text) refers to stm32f10x_rcc.o(.text) for RCC_BackupResetCmd
    stm32f10x_can.o(.text) refers to stm32f10x_rcc.o(.text) for RCC_APB1PeriphResetCmd
    stm32f10x_dac.o(.text) refers to stm32f10x_rcc.o(.text) for RCC_APB1PeriphResetCmd
    stm32f10x_gpio.o(.text) refers to stm32f10x_rcc.o(.text) for RCC_APB2PeriphResetCmd
    stm32f10x_i2c.o(.text) refers to stm32f10x_rcc.o(.text) for RCC_APB1PeriphResetCmd
    stm32f10x_it.o(.text) refers to stm32f10x_gpio.o(.text) for GPIO_ReadOutputDataBit
    stm32f10x_it.o(.text) refers to stm32f10x_exti.o(.text) for EXTI_GetITStatus
    stm32f10x_it.o(.text) refers to stm32f10x_adc.o(.text) for ADC_GetITStatus
    stm32f10x_it.o(.text) refers to stm32f10x_can.o(.text) for CAN_Receive
    stm32f10x_it.o(.text) refers to main.o(.data) for counter1
    stm32f10x_it.o(.text) refers to stm32f10x_it.o(.data) for Hall
    stm32f10x_it.o(.text) refers to can.o(.bss) for tmp_CanRxMessage
    stm32f10x_it.o(.text) refers to stm32f10x_tim.o(.text) for TIM_GetITStatus
    stm32f10x_nvic.o(.text) refers to cortexm3_macro.o(.text) for __SETPRIMASK
    stm32f10x_pwr.o(.text) refers to stm32f10x_rcc.o(.text) for RCC_APB1PeriphResetCmd
    stm32f10x_pwr.o(.text) refers to cortexm3_macro.o(.text) for __WFI
    stm32f10x_rcc.o(.text) refers to stm32f10x_rcc.o(.data) for HSEStatus
    stm32f10x_rcc.o(.text) refers to stm32f10x_rcc.o(.constdata) for APBAHBPrescTable
    stm32f10x_spi.o(.text) refers to stm32f10x_rcc.o(.text) for RCC_APB2PeriphResetCmd
    stm32f10x_tim.o(.text) refers to stm32f10x_rcc.o(.text) for RCC_APB2PeriphResetCmd
    stm32f10x_usart.o(.text) refers to stm32f10x_rcc.o(.text) for RCC_APB2PeriphResetCmd
    stm32f10x_wwdg.o(.text) refers to stm32f10x_rcc.o(.text) for RCC_APB1PeriphResetCmd
    entry.o(.ARM.Collect$$$$00000000) refers (Special) to entry7.o(.ARM.Collect$$$$00000007) for _main_init
    entry.o(.ARM.Collect$$$$00000000) refers (Special) to entry5.o(.ARM.Collect$$$$00000004) for _main_scatterload
    entry.o(.ARM.Collect$$$$00000000) refers (Special) to entry2.o(.ARM.Collect$$$$00000001) for _main_stk
    fadd.o(.text) refers (Special) to iusefp.o(.text) for __I$use$fp
    fadd.o(.text) refers to fepilogue.o(.text) for _float_epilogue
    fmul.o(.text) refers (Special) to iusefp.o(.text) for __I$use$fp
    fflti.o(.text) refers (Special) to iusefp.o(.text) for __I$use$fp
    fflti.o(.text) refers to fepilogue.o(.text) for _float_epilogue
    ffixi.o(.text) refers (Special) to iusefp.o(.text) for __I$use$fp
    cfcmple.o(.text) refers (Special) to iusefp.o(.text) for __I$use$fp
    cfrcmple.o(.text) refers (Special) to iusefp.o(.text) for __I$use$fp
    entry2.o(.ARM.Collect$$$$00000001) refers to entry2.o(.ARM.Collect$$$$00002712) for __lit__00000000
    entry2.o(.ARM.Collect$$$$00002712) refers to stm32f10x_vector.o(STACK) for __initial_sp
    entry2.o(__vectab_stack_and_reset_area) refers to stm32f10x_vector.o(STACK) for __initial_sp
    entry2.o(__vectab_stack_and_reset_area) refers to entry.o(.ARM.Collect$$$$00000000) for __main
    entry5.o(.ARM.Collect$$$$00000004) refers to init.o(.text) for __scatterload
    entry7.o(.ARM.Collect$$$$00000007) refers to main.o(.text) for main
    init.o(.text) refers to entry5.o(.ARM.Collect$$$$00000004) for __main_after_scatterload


==============================================================================

Removing Unused input sections from the image.

    Removing stm32f10x_vector.o(HEAP), (28672 bytes).
    Removing stm32f10x_bkp.o(.text), (192 bytes).
    Removing stm32f10x_crc.o(.text), (72 bytes).
    Removing stm32f10x_dac.o(.text), (408 bytes).
    Removing stm32f10x_dbgmcu.o(.text), (48 bytes).
    Removing stm32f10x_fsmc.o(.text), (1576 bytes).
    Removing stm32f10x_i2c.o(.text), (1062 bytes).
    Removing stm32f10x_iwdg.o(.text), (64 bytes).
    Removing stm32f10x_pwr.o(.text), (208 bytes).
    Removing stm32f10x_rtc.o(.text), (376 bytes).
    Removing stm32f10x_sdio.o(.text), (468 bytes).
    Removing stm32f10x_spi.o(.text), (828 bytes).
    Removing stm32f10x_usart.o(.text), (888 bytes).
    Removing stm32f10x_wwdg.o(.text), (140 bytes).

14 unused section(s) (total 35002 bytes) removed from the image.

==============================================================================

Image Symbol Table

    Local Symbols

    Symbol Name                              Value     Ov Type        Size  Object(Section)

    ../../../cmprslib/zerorunl2.c            0x00000000   Number         0  __dczerorl2.o ABSOLUTE
    ../../microlib/fpadd.c                   0x00000000   Number         0  fadd.o ABSOLUTE
    ../../microlib/fpepilogue.c              0x00000000   Number         0  fepilogue.o ABSOLUTE
    ../../microlib/fpfix.c                   0x00000000   Number         0  ffixi.o ABSOLUTE
    ../../microlib/fpflt.c                   0x00000000   Number         0  fflti.o ABSOLUTE
    ../../microlib/fpmul.c                   0x00000000   Number         0  fmul.o ABSOLUTE
    ../../microlib/init/entry.s              0x00000000   Number         0  entry.o ABSOLUTE
    ../../microlib/init/entry.s              0x00000000   Number         0  entry5.o ABSOLUTE
    ../../microlib/init/entry.s              0x00000000   Number         0  entry2.o ABSOLUTE
    ../../microlib/init/entry.s              0x00000000   Number         0  entry7.o ABSOLUTE
    ../../microlib/stubs.s                   0x00000000   Number         0  iusefp.o ABSOLUTE
    LIB\stm32f10x_adc.c                      0x00000000   Number         0  stm32f10x_adc.o ABSOLUTE
    LIB\stm32f10x_bkp.c                      0x00000000   Number         0  stm32f10x_bkp.o ABSOLUTE
    LIB\stm32f10x_can.c                      0x00000000   Number         0  stm32f10x_can.o ABSOLUTE
    LIB\stm32f10x_crc.c                      0x00000000   Number         0  stm32f10x_crc.o ABSOLUTE
    LIB\stm32f10x_dac.c                      0x00000000   Number         0  stm32f10x_dac.o ABSOLUTE
    LIB\stm32f10x_dbgmcu.c                   0x00000000   Number         0  stm32f10x_dbgmcu.o ABSOLUTE
    LIB\stm32f10x_dma.c                      0x00000000   Number         0  stm32f10x_dma.o ABSOLUTE
    LIB\stm32f10x_exti.c                     0x00000000   Number         0  stm32f10x_exti.o ABSOLUTE
    LIB\stm32f10x_flash.c                    0x00000000   Number         0  stm32f10x_flash.o ABSOLUTE
    LIB\stm32f10x_fsmc.c                     0x00000000   Number         0  stm32f10x_fsmc.o ABSOLUTE
    LIB\stm32f10x_gpio.c                     0x00000000   Number         0  stm32f10x_gpio.o ABSOLUTE
    LIB\stm32f10x_i2c.c                      0x00000000   Number         0  stm32f10x_i2c.o ABSOLUTE
    LIB\stm32f10x_it.c                       0x00000000   Number         0  stm32f10x_it.o ABSOLUTE
    LIB\stm32f10x_iwdg.c                     0x00000000   Number         0  stm32f10x_iwdg.o ABSOLUTE
    LIB\stm32f10x_lib.c                      0x00000000   Number         0  stm32f10x_lib.o ABSOLUTE
    LIB\stm32f10x_nvic.c                     0x00000000   Number         0  stm32f10x_nvic.o ABSOLUTE
    LIB\stm32f10x_pwr.c                      0x00000000   Number         0  stm32f10x_pwr.o ABSOLUTE
    LIB\stm32f10x_rcc.c                      0x00000000   Number         0  stm32f10x_rcc.o ABSOLUTE
    LIB\stm32f10x_rtc.c                      0x00000000   Number         0  stm32f10x_rtc.o ABSOLUTE
    LIB\stm32f10x_sdio.c                     0x00000000   Number         0  stm32f10x_sdio.o ABSOLUTE
    LIB\stm32f10x_spi.c                      0x00000000   Number         0  stm32f10x_spi.o ABSOLUTE
    LIB\stm32f10x_systick.c                  0x00000000   Number         0  stm32f10x_systick.o ABSOLUTE
    LIB\stm32f10x_tim.c                      0x00000000   Number         0  stm32f10x_tim.o ABSOLUTE
    LIB\stm32f10x_usart.c                    0x00000000   Number         0  stm32f10x_usart.o ABSOLUTE
    LIB\stm32f10x_wwdg.c                     0x00000000   Number         0  stm32f10x_wwdg.o ABSOLUTE
    SOURCE\ADC.c                             0x00000000   Number         0  adc.o ABSOLUTE
    SOURCE\CAN\can.c                         0x00000000   Number         0  can.o ABSOLUTE
    SOURCE\TIM2.c                            0x00000000   Number         0  tim2.o ABSOLUTE
    SOURCE\TIM3.c                            0x00000000   Number         0  tim3.o ABSOLUTE
    SOURCE\TIM4.c                            0x00000000   Number         0  tim4.o ABSOLUTE
    SOURCE\main.c                            0x00000000   Number         0  main.o ABSOLUTE
    START\cortexm3_macro.s                   0x00000000   Number         0  cortexm3_macro.o ABSOLUTE
    START\stm32f10x_vector.s                 0x00000000   Number         0  stm32f10x_vector.o ABSOLUTE
    cfcmple.s                                0x00000000   Number         0  cfcmple.o ABSOLUTE
    cfrcmple.s                               0x00000000   Number         0  cfrcmple.o ABSOLUTE
    dc.s                                     0x00000000   Number         0  dc.o ABSOLUTE
    handlers.s                               0x00000000   Number         0  handlers.o ABSOLUTE
    init.s                                   0x00000000   Number         0  init.o ABSOLUTE
    RESET                                    0x08000000   Section      304  stm32f10x_vector.o(RESET)
    .ARM.Collect$$$$00000000                 0x08000130   Section        0  entry.o(.ARM.Collect$$$$00000000)
    .ARM.Collect$$$$00000001                 0x08000130   Section        4  entry2.o(.ARM.Collect$$$$00000001)
    .ARM.Collect$$$$00000004                 0x08000134   Section        4  entry5.o(.ARM.Collect$$$$00000004)
    .ARM.Collect$$$$00000007                 0x08000138   Section        8  entry7.o(.ARM.Collect$$$$00000007)
    .ARM.Collect$$$$00002712                 0x08000140   Section        4  entry2.o(.ARM.Collect$$$$00002712)
    __lit__00000000                          0x08000140   Data           4  entry2.o(.ARM.Collect$$$$00002712)
    .text                                    0x08000144   Section      122  cortexm3_macro.o(.text)
    .text                                    0x080001c0   Section        8  stm32f10x_vector.o(.text)
    .text                                    0x080001c8   Section        0  main.o(.text)
    .text                                    0x08000894   Section        0  adc.o(.text)
    .text                                    0x08000980   Section        0  tim3.o(.text)
    .text                                    0x08000a18   Section        0  can.o(.text)
    .text                                    0x08000b18   Section        0  tim2.o(.text)
    .text                                    0x08000b68   Section        0  tim4.o(.text)
    .text                                    0x08000bb8   Section        0  stm32f10x_adc.o(.text)
    .text                                    0x08000fec   Section        0  stm32f10x_can.o(.text)
    CheckITStatus                            0x08001651   Thumb Code    16  stm32f10x_can.o(.text)
    .text                                    0x08001874   Section        0  stm32f10x_dma.o(.text)
    .text                                    0x08001ab8   Section        0  stm32f10x_exti.o(.text)
    .text                                    0x08001c18   Section        0  stm32f10x_flash.o(.text)
    delay                                    0x08001ca7   Thumb Code    14  stm32f10x_flash.o(.text)
    .text                                    0x0800214c   Section        0  stm32f10x_gpio.o(.text)
    .text                                    0x08002474   Section        0  stm32f10x_it.o(.text)
    .text                                    0x08002bb0   Section        0  stm32f10x_nvic.o(.text)
    .text                                    0x08003008   Section        0  stm32f10x_rcc.o(.text)
    .text                                    0x080033c0   Section        0  stm32f10x_systick.o(.text)
    .text                                    0x08003484   Section        0  stm32f10x_tim.o(.text)
    TI4_Config                               0x08003787   Thumb Code    70  stm32f10x_tim.o(.text)
    TI3_Config                               0x080037df   Thumb Code    64  stm32f10x_tim.o(.text)
    TI2_Config                               0x08003835   Thumb Code    84  stm32f10x_tim.o(.text)
    TI1_Config                               0x0800389b   Thumb Code    54  stm32f10x_tim.o(.text)
    .text                                    0x08003fcc   Section        0  fadd.o(.text)
    .text                                    0x0800407c   Section        0  fmul.o(.text)
    .text                                    0x080040e8   Section        0  fflti.o(.text)
    .text                                    0x080040fa   Section        0  ffixi.o(.text)
    .text                                    0x0800412c   Section       20  cfcmple.o(.text)
    .text                                    0x08004140   Section       20  cfrcmple.o(.text)
    .text                                    0x08004154   Section        0  fepilogue.o(.text)
    .text                                    0x08004154   Section        0  iusefp.o(.text)
    .text                                    0x080041c4   Section       36  init.o(.text)
    .text                                    0x080041e8   Section        0  __dczerorl2.o(.text)
    i.__scatterload_copy                     0x08004244   Section       14  handlers.o(i.__scatterload_copy)
    i.__scatterload_null                     0x08004252   Section        2  handlers.o(i.__scatterload_null)
    i.__scatterload_zeroinit                 0x08004254   Section       14  handlers.o(i.__scatterload_zeroinit)
    .constdata                               0x08004262   Section       20  stm32f10x_rcc.o(.constdata)
    APBAHBPrescTable                         0x08004262   Data          16  stm32f10x_rcc.o(.constdata)
    ADCPrescTable                            0x08004272   Data           4  stm32f10x_rcc.o(.constdata)
    .conststring                             0x08004276   Section       39  main.o(.conststring)
    .data                                    0x20000000   Section      305  main.o(.data)
    TimingDelay                              0x20000000   Data           4  main.o(.data)
    ek_2                                     0x200000cc   Data           4  main.o(.data)
    ek_1                                     0x200000d0   Data           4  main.o(.data)
    ek                                       0x200000d4   Data           4  main.o(.data)
    .data                                    0x20000134   Section       30  stm32f10x_it.o(.data)
    .data                                    0x20000154   Section        5  stm32f10x_rcc.o(.data)
    StartUpCounter                           0x20000154   Data           4  stm32f10x_rcc.o(.data)
    HSEStatus                                0x20000158   Data           1  stm32f10x_rcc.o(.data)
    .bss                                     0x2000015c   Section       64  main.o(.bss)
    .bss                                     0x2000019c   Section       40  can.o(.bss)
    STACK                                    0x200001c8   Section     4096  stm32f10x_vector.o(STACK)

    Global Symbols

    Symbol Name                              Value     Ov Type        Size  Object(Section)

    BuildAttributes$$THM_ISAv4$P$D$K$B$S$PE$A:L22UL41UL21$X:L11$S22US41US21$IEEE1$IW$USESV6$~STKCKD$USESV7$~SHL$OTIME$ROPI$EBA8$MICROLIB$REQ8$PRES8$EABIv2 0x00000000   Number         0  anon$$obj.o ABSOLUTE
    __ARM_use_no_argv                        0x00000000   Number         0  main.o ABSOLUTE
    __Vectors                                0x08000000   Data           4  stm32f10x_vector.o(RESET)
    __main                                   0x08000131   Thumb Code     0  entry.o(.ARM.Collect$$$$00000000)
    _main_stk                                0x08000131   Thumb Code     0  entry2.o(.ARM.Collect$$$$00000001)
    _main_scatterload                        0x08000135   Thumb Code     0  entry5.o(.ARM.Collect$$$$00000004)
    __main_after_scatterload                 0x08000139   Thumb Code     0  entry5.o(.ARM.Collect$$$$00000004)
    _main_init                               0x08000139   Thumb Code     0  entry7.o(.ARM.Collect$$$$00000007)
    __WFI                                    0x08000145   Thumb Code     0  cortexm3_macro.o(.text)
    __WFE                                    0x08000149   Thumb Code     0  cortexm3_macro.o(.text)
    __SEV                                    0x0800014d   Thumb Code     0  cortexm3_macro.o(.text)
    __ISB                                    0x08000151   Thumb Code     0  cortexm3_macro.o(.text)
    __DSB                                    0x08000157   Thumb Code     0  cortexm3_macro.o(.text)
    __DMB                                    0x0800015d   Thumb Code     0  cortexm3_macro.o(.text)
    __SVC                                    0x08000163   Thumb Code     0  cortexm3_macro.o(.text)
    __MRS_CONTROL                            0x08000167   Thumb Code     0  cortexm3_macro.o(.text)
    __MSR_CONTROL                            0x0800016d   Thumb Code     0  cortexm3_macro.o(.text)
    __MRS_PSP                                0x08000177   Thumb Code     0  cortexm3_macro.o(.text)
    __MSR_PSP                                0x0800017d   Thumb Code     0  cortexm3_macro.o(.text)
    __MRS_MSP                                0x08000183   Thumb Code     0  cortexm3_macro.o(.text)
    __MSR_MSP                                0x08000189   Thumb Code     0  cortexm3_macro.o(.text)
    __RESETPRIMASK                           0x0800018f   Thumb Code     0  cortexm3_macro.o(.text)
    __SETPRIMASK                             0x08000193   Thumb Code     0  cortexm3_macro.o(.text)
    __READ_PRIMASK                           0x08000197   Thumb Code     0  cortexm3_macro.o(.text)
    __SETFAULTMASK                           0x0800019d   Thumb Code     0  cortexm3_macro.o(.text)
    __RESETFAULTMASK                         0x080001a1   Thumb Code     0  cortexm3_macro.o(.text)
    __READ_FAULTMASK                         0x080001a5   Thumb Code     0  cortexm3_macro.o(.text)
    __BASEPRICONFIG                          0x080001ab   Thumb Code     0  cortexm3_macro.o(.text)
    __GetBASEPRI                             0x080001b1   Thumb Code     0  cortexm3_macro.o(.text)
    __REV_HalfWord                           0x080001b7   Thumb Code     0  cortexm3_macro.o(.text)
    __REV_Word                               0x080001bb   Thumb Code     0  cortexm3_macro.o(.text)
    Reset_Handler                            0x080001c1   Thumb Code     4  stm32f10x_vector.o(.text)
    pid                                      0x080001c9   Thumb Code   144  main.o(.text)
    SysTick_Configuration                    0x08000259   Thumb Code    34  main.o(.text)
    GPIO_Configuration                       0x0800027b   Thumb Code   276  main.o(.text)
    NVIC_Configuration                       0x0800038f   Thumb Code   226  main.o(.text)
    RCC_Configuration                        0x08000471   Thumb Code   242  main.o(.text)
    main                                     0x08000563   Thumb Code   410  main.o(.text)
    CalculateDC                              0x080006fd   Thumb Code   284  main.o(.text)
    Delay                                    0x08000819   Thumb Code    24  main.o(.text)
    Decrement_TimingDelay                    0x08000831   Thumb Code    18  main.o(.text)
    ADC_Configuration1                       0x08000895   Thumb Code   140  adc.o(.text)
    DMA_Configuration1                       0x08000921   Thumb Code    84  adc.o(.text)
    TIM3_Configuration1                      0x08000981   Thumb Code   140  tim3.o(.text)
    CAN_Config                               0x08000a19   Thumb Code   214  can.o(.text)
    CAN_Send_Message                         0x08000aef   Thumb Code    38  can.o(.text)
    TIM2_Configuration1                      0x08000b19   Thumb Code    80  tim2.o(.text)
    TIM4_Configuration1                      0x08000b69   Thumb Code    76  tim4.o(.text)
    ADC_DeInit                               0x08000bb9   Thumb Code    90  stm32f10x_adc.o(.text)
    ADC_Init                                 0x08000c13   Thumb Code    70  stm32f10x_adc.o(.text)
    ADC_StructInit                           0x08000c59   Thumb Code    18  stm32f10x_adc.o(.text)
    ADC_Cmd                                  0x08000c6b   Thumb Code    22  stm32f10x_adc.o(.text)
    ADC_DMACmd                               0x08000c81   Thumb Code    22  stm32f10x_adc.o(.text)
    ADC_ITConfig                             0x08000c97   Thumb Code    24  stm32f10x_adc.o(.text)
    ADC_ResetCalibration                     0x08000caf   Thumb Code    10  stm32f10x_adc.o(.text)
    ADC_GetResetCalibrationStatus            0x08000cb9   Thumb Code    20  stm32f10x_adc.o(.text)
    ADC_StartCalibration                     0x08000ccd   Thumb Code    10  stm32f10x_adc.o(.text)
    ADC_GetCalibrationStatus                 0x08000cd7   Thumb Code    20  stm32f10x_adc.o(.text)
    ADC_SoftwareStartConvCmd                 0x08000ceb   Thumb Code    22  stm32f10x_adc.o(.text)
    ADC_GetSoftwareStartConvStatus           0x08000d01   Thumb Code    20  stm32f10x_adc.o(.text)
    ADC_DiscModeChannelCountConfig           0x08000d15   Thumb Code    24  stm32f10x_adc.o(.text)
    ADC_DiscModeCmd                          0x08000d2d   Thumb Code    22  stm32f10x_adc.o(.text)
    ADC_RegularChannelConfig                 0x08000d43   Thumb Code   184  stm32f10x_adc.o(.text)
    ADC_ExternalTrigConvCmd                  0x08000dfb   Thumb Code    22  stm32f10x_adc.o(.text)
    ADC_GetConversionValue                   0x08000e11   Thumb Code     8  stm32f10x_adc.o(.text)
    ADC_GetDualModeConversionValue           0x08000e19   Thumb Code     6  stm32f10x_adc.o(.text)
    ADC_AutoInjectedConvCmd                  0x08000e1f   Thumb Code    22  stm32f10x_adc.o(.text)
    ADC_InjectedDiscModeCmd                  0x08000e35   Thumb Code    22  stm32f10x_adc.o(.text)
    ADC_ExternalTrigInjectedConvConfig       0x08000e4b   Thumb Code    16  stm32f10x_adc.o(.text)
    ADC_ExternalTrigInjectedConvCmd          0x08000e5b   Thumb Code    22  stm32f10x_adc.o(.text)
    ADC_SoftwareStartInjectedConvCmd         0x08000e71   Thumb Code    22  stm32f10x_adc.o(.text)
    ADC_GetSoftwareStartInjectedConvCmdStatus 0x08000e87   Thumb Code    20  stm32f10x_adc.o(.text)
    ADC_InjectedChannelConfig                0x08000e9b   Thumb Code   130  stm32f10x_adc.o(.text)
    ADC_InjectedSequencerLengthConfig        0x08000f1d   Thumb Code    24  stm32f10x_adc.o(.text)
    ADC_SetInjectedOffset                    0x08000f35   Thumb Code     4  stm32f10x_adc.o(.text)
    ADC_GetInjectedConversionValue           0x08000f39   Thumb Code    10  stm32f10x_adc.o(.text)
    ADC_AnalogWatchdogCmd                    0x08000f43   Thumb Code    16  stm32f10x_adc.o(.text)
    ADC_AnalogWatchdogThresholdsConfig       0x08000f53   Thumb Code     6  stm32f10x_adc.o(.text)
    ADC_AnalogWatchdogSingleChannelConfig    0x08000f59   Thumb Code    16  stm32f10x_adc.o(.text)
    ADC_TempSensorVrefintCmd                 0x08000f69   Thumb Code    34  stm32f10x_adc.o(.text)
    ADC_GetFlagStatus                        0x08000f8b   Thumb Code    46  stm32f10x_adc.o(.text)
    ADC_ClearFlag                            0x08000fb9   Thumb Code     6  stm32f10x_adc.o(.text)
    ADC_GetITStatus                          0x08000fbf   Thumb Code    36  stm32f10x_adc.o(.text)
    ADC_ClearITPendingBit                    0x08000fe3   Thumb Code    10  stm32f10x_adc.o(.text)
    CAN_DeInit                               0x08000fed   Thumb Code    22  stm32f10x_can.o(.text)
    CAN_Init                                 0x08001003   Thumb Code   322  stm32f10x_can.o(.text)
    CAN_FilterInit                           0x08001145   Thumb Code   250  stm32f10x_can.o(.text)
    CAN_StructInit                           0x0800123f   Thumb Code    32  stm32f10x_can.o(.text)
    CAN_ITConfig                             0x0800125f   Thumb Code    34  stm32f10x_can.o(.text)
    CAN_Transmit                             0x08001281   Thumb Code   332  stm32f10x_can.o(.text)
    CAN_TransmitStatus                       0x080013cd   Thumb Code   222  stm32f10x_can.o(.text)
    CAN_CancelTransmit                       0x080014ab   Thumb Code    66  stm32f10x_can.o(.text)
    CAN_FIFORelease                          0x080014ed   Thumb Code    18  stm32f10x_can.o(.text)
    CAN_MessagePending                       0x080014ff   Thumb Code    34  stm32f10x_can.o(.text)
    CAN_Receive                              0x08001521   Thumb Code   202  stm32f10x_can.o(.text)
    CAN_Sleep                                0x080015eb   Thumb Code    34  stm32f10x_can.o(.text)
    CAN_WakeUp                               0x0800160d   Thumb Code    32  stm32f10x_can.o(.text)
    CAN_GetFlagStatus                        0x0800162d   Thumb Code    20  stm32f10x_can.o(.text)
    CAN_ClearFlag                            0x08001641   Thumb Code    16  stm32f10x_can.o(.text)
    CAN_GetITStatus                          0x08001661   Thumb Code   282  stm32f10x_can.o(.text)
    CAN_ClearITPendingBit                    0x0800177b   Thumb Code   236  stm32f10x_can.o(.text)
    DMA_DeInit                               0x08001875   Thumb Code   316  stm32f10x_dma.o(.text)
    DMA_Init                                 0x080019b1   Thumb Code    60  stm32f10x_dma.o(.text)
    DMA_StructInit                           0x080019ed   Thumb Code    26  stm32f10x_dma.o(.text)
    DMA_Cmd                                  0x08001a07   Thumb Code    22  stm32f10x_dma.o(.text)
    DMA_ITConfig                             0x08001a1d   Thumb Code    18  stm32f10x_dma.o(.text)
    DMA_GetCurrDataCounter                   0x08001a2f   Thumb Code     8  stm32f10x_dma.o(.text)
    DMA_GetFlagStatus                        0x08001a37   Thumb Code    34  stm32f10x_dma.o(.text)
    DMA_ClearFlag                            0x08001a59   Thumb Code    18  stm32f10x_dma.o(.text)
    DMA_GetITStatus                          0x08001a6b   Thumb Code    34  stm32f10x_dma.o(.text)
    DMA_ClearITPendingBit                    0x08001a8d   Thumb Code    18  stm32f10x_dma.o(.text)
    EXTI_DeInit                              0x08001ab9   Thumb Code    30  stm32f10x_exti.o(.text)
    EXTI_Init                                0x08001ad7   Thumb Code   190  stm32f10x_exti.o(.text)
    EXTI_StructInit                          0x08001b95   Thumb Code    16  stm32f10x_exti.o(.text)
    EXTI_GenerateSWInterrupt                 0x08001ba5   Thumb Code    16  stm32f10x_exti.o(.text)
    EXTI_GetFlagStatus                       0x08001bb5   Thumb Code    20  stm32f10x_exti.o(.text)
    EXTI_ClearFlag                           0x08001bc9   Thumb Code     6  stm32f10x_exti.o(.text)
    EXTI_GetITStatus                         0x08001bcf   Thumb Code    34  stm32f10x_exti.o(.text)
    EXTI_ClearITPendingBit                   0x08001bf1   Thumb Code     6  stm32f10x_exti.o(.text)
    FLASH_SetLatency                         0x08001c19   Thumb Code    22  stm32f10x_flash.o(.text)
    FLASH_HalfCycleAccessCmd                 0x08001c2f   Thumb Code    22  stm32f10x_flash.o(.text)
    FLASH_PrefetchBufferCmd                  0x08001c45   Thumb Code    22  stm32f10x_flash.o(.text)
    FLASH_Unlock                             0x08001c5b   Thumb Code    12  stm32f10x_flash.o(.text)
    FLASH_Lock                               0x08001c67   Thumb Code    14  stm32f10x_flash.o(.text)
    FLASH_GetStatus                          0x08001c75   Thumb Code    50  stm32f10x_flash.o(.text)
    FLASH_WaitForLastOperation               0x08001cb5   Thumb Code    42  stm32f10x_flash.o(.text)
    FLASH_ErasePage                          0x08001cdf   Thumb Code    76  stm32f10x_flash.o(.text)
    FLASH_EraseAllPages                      0x08001d2b   Thumb Code    72  stm32f10x_flash.o(.text)
    FLASH_EraseOptionBytes                   0x08001d73   Thumb Code   144  stm32f10x_flash.o(.text)
    FLASH_ProgramWord                        0x08001e03   Thumb Code   100  stm32f10x_flash.o(.text)
    FLASH_ProgramHalfWord                    0x08001e67   Thumb Code    64  stm32f10x_flash.o(.text)
    FLASH_ProgramOptionByteData              0x08001ea7   Thumb Code    72  stm32f10x_flash.o(.text)
    FLASH_EnableWriteProtection              0x08001eef   Thumb Code   178  stm32f10x_flash.o(.text)
    FLASH_ReadOutProtection                  0x08001fa1   Thumb Code   186  stm32f10x_flash.o(.text)
    FLASH_UserOptionByteConfig               0x0800205b   Thumb Code    94  stm32f10x_flash.o(.text)
    FLASH_GetUserOptionByte                  0x080020b9   Thumb Code     8  stm32f10x_flash.o(.text)
    FLASH_GetWriteProtectionOptionByte       0x080020c1   Thumb Code     6  stm32f10x_flash.o(.text)
    FLASH_GetReadOutProtectionStatus         0x080020c7   Thumb Code    20  stm32f10x_flash.o(.text)
    FLASH_GetPrefetchBufferStatus            0x080020db   Thumb Code    20  stm32f10x_flash.o(.text)
    FLASH_ITConfig                           0x080020ef   Thumb Code    26  stm32f10x_flash.o(.text)
    FLASH_GetFlagStatus                      0x08002109   Thumb Code    42  stm32f10x_flash.o(.text)
    FLASH_ClearFlag                          0x08002133   Thumb Code     6  stm32f10x_flash.o(.text)
    GPIO_DeInit                              0x0800214d   Thumb Code   188  stm32f10x_gpio.o(.text)
    GPIO_AFIODeInit                          0x08002209   Thumb Code    20  stm32f10x_gpio.o(.text)
    GPIO_Init                                0x0800221d   Thumb Code   272  stm32f10x_gpio.o(.text)
    GPIO_StructInit                          0x0800232d   Thumb Code    16  stm32f10x_gpio.o(.text)
    GPIO_ReadInputDataBit                    0x0800233d   Thumb Code    18  stm32f10x_gpio.o(.text)
    GPIO_ReadInputData                       0x0800234f   Thumb Code     8  stm32f10x_gpio.o(.text)
    GPIO_ReadOutputDataBit                   0x08002357   Thumb Code    18  stm32f10x_gpio.o(.text)
    GPIO_ReadOutputData                      0x08002369   Thumb Code     8  stm32f10x_gpio.o(.text)
    GPIO_SetBits                             0x08002371   Thumb Code     4  stm32f10x_gpio.o(.text)
    GPIO_ResetBits                           0x08002375   Thumb Code     4  stm32f10x_gpio.o(.text)
    GPIO_WriteBit                            0x08002379   Thumb Code    10  stm32f10x_gpio.o(.text)
    GPIO_Write                               0x08002383   Thumb Code     4  stm32f10x_gpio.o(.text)
    GPIO_PinLockConfig                       0x08002387   Thumb Code    18  stm32f10x_gpio.o(.text)
    GPIO_EventOutputConfig                   0x08002399   Thumb Code    26  stm32f10x_gpio.o(.text)
    GPIO_EventOutputCmd                      0x080023b3   Thumb Code     6  stm32f10x_gpio.o(.text)
    GPIO_PinRemapConfig                      0x080023b9   Thumb Code   106  stm32f10x_gpio.o(.text)
    GPIO_EXTILineConfig                      0x08002423   Thumb Code    66  stm32f10x_gpio.o(.text)
    delay                                    0x08002475   Thumb Code    12  stm32f10x_it.o(.text)
    NMIException                             0x08002481   Thumb Code     2  stm32f10x_it.o(.text)
    NMI_Handler                              0x08002481   Thumb Code     0  stm32f10x_it.o(.text)
    HardFaultException                       0x08002483   Thumb Code     4  stm32f10x_it.o(.text)
    HardFault_Handler                        0x08002483   Thumb Code     0  stm32f10x_it.o(.text)
    MemManageException                       0x08002487   Thumb Code     4  stm32f10x_it.o(.text)
    MemManage_Handler                        0x08002487   Thumb Code     0  stm32f10x_it.o(.text)
    BusFaultException                        0x0800248b   Thumb Code     4  stm32f10x_it.o(.text)
    BusFault_Handler                         0x0800248b   Thumb Code     0  stm32f10x_it.o(.text)
    UsageFaultException                      0x0800248f   Thumb Code     4  stm32f10x_it.o(.text)
    UsageFault_Handler                       0x0800248f   Thumb Code     0  stm32f10x_it.o(.text)
    DebugMon_Handler                         0x08002493   Thumb Code     0  stm32f10x_it.o(.text)
    DebugMonitor                             0x08002493   Thumb Code     2  stm32f10x_it.o(.text)
    SVCHandler                               0x08002495   Thumb Code     2  stm32f10x_it.o(.text)
    SVC_Handler                              0x08002495   Thumb Code     0  stm32f10x_it.o(.text)
    PendSVC                                  0x08002497   Thumb Code     2  stm32f10x_it.o(.text)
    PendSV_Handler                           0x08002497   Thumb Code     0  stm32f10x_it.o(.text)
    SysTickHandler                           0x08002499   Thumb Code    94  stm32f10x_it.o(.text)
    SysTick_Handler                          0x08002499   Thumb Code     0  stm32f10x_it.o(.text)
    WWDG_IRQHandler                          0x080024f7   Thumb Code     2  stm32f10x_it.o(.text)
    PVD_IRQHandler                           0x080024f9   Thumb Code     2  stm32f10x_it.o(.text)
    TAMPER_IRQHandler                        0x080024fb   Thumb Code     2  stm32f10x_it.o(.text)
    RTC_IRQHandler                           0x080024fd   Thumb Code     2  stm32f10x_it.o(.text)
    FLASH_IRQHandler                         0x080024ff   Thumb Code     2  stm32f10x_it.o(.text)
    RCC_IRQHandler                           0x08002501   Thumb Code     2  stm32f10x_it.o(.text)
    Hall_SW                                  0x08002503   Thumb Code   384  stm32f10x_it.o(.text)
    EXTI0_IRQHandler                         0x08002683   Thumb Code    82  stm32f10x_it.o(.text)
    EXTI1_IRQHandler                         0x080026d5   Thumb Code   130  stm32f10x_it.o(.text)
    EXTI2_IRQHandler                         0x08002757   Thumb Code    72  stm32f10x_it.o(.text)
    EXTI3_IRQHandler                         0x0800279f   Thumb Code    30  stm32f10x_it.o(.text)
    EXTI4_IRQHandler                         0x080027bd   Thumb Code     2  stm32f10x_it.o(.text)
    DMA1_Channel1_IRQHandler                 0x080027bf   Thumb Code     2  stm32f10x_it.o(.text)
    DMA1_Channel2_IRQHandler                 0x080027c1   Thumb Code     2  stm32f10x_it.o(.text)
    DMA1_Channel3_IRQHandler                 0x080027c3   Thumb Code     2  stm32f10x_it.o(.text)
    DMA1_Channel4_IRQHandler                 0x080027c5   Thumb Code     2  stm32f10x_it.o(.text)
    DMA1_Channel5_IRQHandler                 0x080027c7   Thumb Code     2  stm32f10x_it.o(.text)
    DMA1_Channel6_IRQHandler                 0x080027c9   Thumb Code     2  stm32f10x_it.o(.text)
    DMA1_Channel7_IRQHandler                 0x080027cb   Thumb Code     2  stm32f10x_it.o(.text)
    ADC1_2_IRQHandler                        0x080027cd   Thumb Code    46  stm32f10x_it.o(.text)
    USB_HP_CAN_TX_IRQHandler                 0x080027fb   Thumb Code     2  stm32f10x_it.o(.text)
    USB_LP_CAN_RX0_IRQHandler                0x080027fd   Thumb Code    26  stm32f10x_it.o(.text)
    CAN_RX1_IRQHandler                       0x08002817   Thumb Code     2  stm32f10x_it.o(.text)
    CAN_SCE_IRQHandler                       0x08002819   Thumb Code     2  stm32f10x_it.o(.text)
    EXTI9_5_IRQHandler                       0x0800281b   Thumb Code   206  stm32f10x_it.o(.text)
    TIM1_BRK_IRQHandler                      0x080028e9   Thumb Code     2  stm32f10x_it.o(.text)
    TIM1_UP_IRQHandler                       0x080028eb   Thumb Code     2  stm32f10x_it.o(.text)
    TIM1_TRG_COM_IRQHandler                  0x080028ed   Thumb Code     2  stm32f10x_it.o(.text)
    TIM1_CC_IRQHandler                       0x080028ef   Thumb Code     2  stm32f10x_it.o(.text)
    TIM2_IRQHandler                          0x080028f1   Thumb Code   426  stm32f10x_it.o(.text)
    TIM3_IRQHandler                          0x08002a9b   Thumb Code     2  stm32f10x_it.o(.text)
    TIM4_IRQHandler                          0x08002a9d   Thumb Code   172  stm32f10x_it.o(.text)
    I2C1_EV_IRQHandler                       0x08002b49   Thumb Code     2  stm32f10x_it.o(.text)
    I2C1_ER_IRQHandler                       0x08002b4b   Thumb Code     2  stm32f10x_it.o(.text)
    I2C2_EV_IRQHandler                       0x08002b4d   Thumb Code     2  stm32f10x_it.o(.text)
    I2C2_ER_IRQHandler                       0x08002b4f   Thumb Code     2  stm32f10x_it.o(.text)
    SPI1_IRQHandler                          0x08002b51   Thumb Code     2  stm32f10x_it.o(.text)
    SPI2_IRQHandler                          0x08002b53   Thumb Code     2  stm32f10x_it.o(.text)
    USART1_IRQHandler                        0x08002b55   Thumb Code     2  stm32f10x_it.o(.text)
    USART2_IRQHandler                        0x08002b57   Thumb Code     2  stm32f10x_it.o(.text)
    USART3_IRQHandler                        0x08002b59   Thumb Code     2  stm32f10x_it.o(.text)
    EXTI15_10_IRQHandler                     0x08002b5b   Thumb Code     2  stm32f10x_it.o(.text)
    RTCAlarm_IRQHandler                      0x08002b5d   Thumb Code     2  stm32f10x_it.o(.text)
    USBWakeUp_IRQHandler                     0x08002b5f   Thumb Code     2  stm32f10x_it.o(.text)
    TIM8_BRK_IRQHandler                      0x08002b61   Thumb Code     2  stm32f10x_it.o(.text)
    TIM8_UP_IRQHandler                       0x08002b63   Thumb Code     2  stm32f10x_it.o(.text)
    TIM8_TRG_COM_IRQHandler                  0x08002b65   Thumb Code     2  stm32f10x_it.o(.text)
    TIM8_CC_IRQHandler                       0x08002b67   Thumb Code     2  stm32f10x_it.o(.text)
    ADC3_IRQHandler                          0x08002b69   Thumb Code     2  stm32f10x_it.o(.text)
    FSMC_IRQHandler                          0x08002b6b   Thumb Code     2  stm32f10x_it.o(.text)
    SDIO_IRQHandler                          0x08002b6d   Thumb Code     2  stm32f10x_it.o(.text)
    TIM5_IRQHandler                          0x08002b6f   Thumb Code     2  stm32f10x_it.o(.text)
    SPI3_IRQHandler                          0x08002b71   Thumb Code     2  stm32f10x_it.o(.text)
    UART4_IRQHandler                         0x08002b73   Thumb Code     2  stm32f10x_it.o(.text)
    UART5_IRQHandler                         0x08002b75   Thumb Code     2  stm32f10x_it.o(.text)
    TIM6_IRQHandler                          0x08002b77   Thumb Code     2  stm32f10x_it.o(.text)
    TIM7_IRQHandler                          0x08002b79   Thumb Code     2  stm32f10x_it.o(.text)
    DMA2_Channel1_IRQHandler                 0x08002b7b   Thumb Code     2  stm32f10x_it.o(.text)
    DMA2_Channel2_IRQHandler                 0x08002b7d   Thumb Code     2  stm32f10x_it.o(.text)
    DMA2_Channel3_IRQHandler                 0x08002b7f   Thumb Code     2  stm32f10x_it.o(.text)
    DMA2_Channel4_5_IRQHandler               0x08002b81   Thumb Code     2  stm32f10x_it.o(.text)
    NVIC_DeInit                              0x08002bb1   Thumb Code    58  stm32f10x_nvic.o(.text)
    NVIC_SCBDeInit                           0x08002beb   Thumb Code    92  stm32f10x_nvic.o(.text)
    NVIC_PriorityGroupConfig                 0x08002c47   Thumb Code    10  stm32f10x_nvic.o(.text)
    NVIC_Init                                0x08002c51   Thumb Code   192  stm32f10x_nvic.o(.text)
    NVIC_StructInit                          0x08002d11   Thumb Code    12  stm32f10x_nvic.o(.text)
    NVIC_SETPRIMASK                          0x08002d1d   Thumb Code     8  stm32f10x_nvic.o(.text)
    NVIC_RESETPRIMASK                        0x08002d25   Thumb Code     8  stm32f10x_nvic.o(.text)
    NVIC_SETFAULTMASK                        0x08002d2d   Thumb Code     8  stm32f10x_nvic.o(.text)
    NVIC_RESETFAULTMASK                      0x08002d35   Thumb Code     8  stm32f10x_nvic.o(.text)
    NVIC_BASEPRICONFIG                       0x08002d3d   Thumb Code    12  stm32f10x_nvic.o(.text)
    NVIC_GetBASEPRI                          0x08002d49   Thumb Code     8  stm32f10x_nvic.o(.text)
    NVIC_GetCurrentPendingIRQChannel         0x08002d51   Thumb Code    10  stm32f10x_nvic.o(.text)
    NVIC_GetIRQChannelPendingBitStatus       0x08002d5b   Thumb Code    42  stm32f10x_nvic.o(.text)
    NVIC_SetIRQChannelPendingBit             0x08002d85   Thumb Code     6  stm32f10x_nvic.o(.text)
    NVIC_ClearIRQChannelPendingBit           0x08002d8b   Thumb Code    20  stm32f10x_nvic.o(.text)
    NVIC_GetCurrentActiveHandler             0x08002d9f   Thumb Code    10  stm32f10x_nvic.o(.text)
    NVIC_GetIRQChannelActiveBitStatus        0x08002da9   Thumb Code    42  stm32f10x_nvic.o(.text)
    NVIC_GetCPUID                            0x08002dd3   Thumb Code     6  stm32f10x_nvic.o(.text)
    NVIC_SetVectorTable                      0x08002dd9   Thumb Code    12  stm32f10x_nvic.o(.text)
    NVIC_GenerateSystemReset                 0x08002de5   Thumb Code    10  stm32f10x_nvic.o(.text)
    NVIC_GenerateCoreReset                   0x08002def   Thumb Code    10  stm32f10x_nvic.o(.text)
    NVIC_SystemLPConfig                      0x08002df9   Thumb Code    38  stm32f10x_nvic.o(.text)
    NVIC_SystemHandlerConfig                 0x08002e1f   Thumb Code    52  stm32f10x_nvic.o(.text)
    NVIC_SystemHandlerPriorityConfig         0x08002e53   Thumb Code   122  stm32f10x_nvic.o(.text)
    NVIC_GetSystemHandlerPendingBitStatus    0x08002ecd   Thumb Code    42  stm32f10x_nvic.o(.text)
    NVIC_SetSystemHandlerPendingBit          0x08002ef7   Thumb Code    32  stm32f10x_nvic.o(.text)
    NVIC_ClearSystemHandlerPendingBit        0x08002f17   Thumb Code    38  stm32f10x_nvic.o(.text)
    NVIC_GetSystemHandlerActiveBitStatus     0x08002f3d   Thumb Code    40  stm32f10x_nvic.o(.text)
    NVIC_GetFaultHandlerSources              0x08002f65   Thumb Code   126  stm32f10x_nvic.o(.text)
    NVIC_GetFaultAddress                     0x08002fe3   Thumb Code    24  stm32f10x_nvic.o(.text)
    RCC_DeInit                               0x08003009   Thumb Code    62  stm32f10x_rcc.o(.text)
    RCC_HSEConfig                            0x08003047   Thumb Code    70  stm32f10x_rcc.o(.text)
    RCC_GetFlagStatus                        0x0800308d   Thumb Code    56  stm32f10x_rcc.o(.text)
    RCC_WaitForHSEStartUp                    0x080030c5   Thumb Code    62  stm32f10x_rcc.o(.text)
    RCC_AdjustHSICalibrationValue            0x08003103   Thumb Code    20  stm32f10x_rcc.o(.text)
    RCC_HSICmd                               0x08003117   Thumb Code     6  stm32f10x_rcc.o(.text)
    RCC_PLLConfig                            0x0800311d   Thumb Code    24  stm32f10x_rcc.o(.text)
    RCC_PLLCmd                               0x08003135   Thumb Code     6  stm32f10x_rcc.o(.text)
    RCC_SYSCLKConfig                         0x0800313b   Thumb Code    18  stm32f10x_rcc.o(.text)
    RCC_GetSYSCLKSource                      0x0800314d   Thumb Code    10  stm32f10x_rcc.o(.text)
    RCC_HCLKConfig                           0x08003157   Thumb Code    18  stm32f10x_rcc.o(.text)
    RCC_PCLK1Config                          0x08003169   Thumb Code    18  stm32f10x_rcc.o(.text)
    RCC_PCLK2Config                          0x0800317b   Thumb Code    20  stm32f10x_rcc.o(.text)
    RCC_ITConfig                             0x0800318f   Thumb Code    30  stm32f10x_rcc.o(.text)
    RCC_USBCLKConfig                         0x080031ad   Thumb Code     6  stm32f10x_rcc.o(.text)
    RCC_ADCCLKConfig                         0x080031b3   Thumb Code    18  stm32f10x_rcc.o(.text)
    RCC_LSEConfig                            0x080031c5   Thumb Code    44  stm32f10x_rcc.o(.text)
    RCC_LSICmd                               0x080031f1   Thumb Code     6  stm32f10x_rcc.o(.text)
    RCC_RTCCLKConfig                         0x080031f7   Thumb Code    12  stm32f10x_rcc.o(.text)
    RCC_RTCCLKCmd                            0x08003203   Thumb Code     6  stm32f10x_rcc.o(.text)
    RCC_GetClocksFreq                        0x08003209   Thumb Code   192  stm32f10x_rcc.o(.text)
    RCC_AHBPeriphClockCmd                    0x080032c9   Thumb Code    26  stm32f10x_rcc.o(.text)
    RCC_APB2PeriphClockCmd                   0x080032e3   Thumb Code    26  stm32f10x_rcc.o(.text)
    RCC_APB1PeriphClockCmd                   0x080032fd   Thumb Code    26  stm32f10x_rcc.o(.text)
    RCC_APB2PeriphResetCmd                   0x08003317   Thumb Code    26  stm32f10x_rcc.o(.text)
    RCC_APB1PeriphResetCmd                   0x08003331   Thumb Code    26  stm32f10x_rcc.o(.text)
    RCC_BackupResetCmd                       0x0800334b   Thumb Code     6  stm32f10x_rcc.o(.text)
    RCC_ClockSecuritySystemCmd               0x08003351   Thumb Code     6  stm32f10x_rcc.o(.text)
    RCC_MCOConfig                            0x08003357   Thumb Code     6  stm32f10x_rcc.o(.text)
    RCC_ClearFlag                            0x0800335d   Thumb Code    14  stm32f10x_rcc.o(.text)
    RCC_GetITStatus                          0x0800336b   Thumb Code    20  stm32f10x_rcc.o(.text)
    RCC_ClearITPendingBit                    0x0800337f   Thumb Code     6  stm32f10x_rcc.o(.text)
    SysTick_CLKSourceConfig                  0x080033c1   Thumb Code    40  stm32f10x_systick.o(.text)
    SysTick_SetReload                        0x080033e9   Thumb Code     8  stm32f10x_systick.o(.text)
    SysTick_CounterCmd                       0x080033f1   Thumb Code    54  stm32f10x_systick.o(.text)
    SysTick_ITConfig                         0x08003427   Thumb Code    38  stm32f10x_systick.o(.text)
    SysTick_GetCounter                       0x0800344d   Thumb Code     8  stm32f10x_systick.o(.text)
    SysTick_GetFlagStatus                    0x08003455   Thumb Code    46  stm32f10x_systick.o(.text)
    TIM_DeInit                               0x08003485   Thumb Code   214  stm32f10x_tim.o(.text)
    TIM_TimeBaseInit                         0x0800355b   Thumb Code    50  stm32f10x_tim.o(.text)
    TIM_OC1Init                              0x0800358d   Thumb Code   110  stm32f10x_tim.o(.text)
    TIM_OC2Init                              0x080035fb   Thumb Code   140  stm32f10x_tim.o(.text)
    TIM_OC3Init                              0x08003687   Thumb Code   136  stm32f10x_tim.o(.text)
    TIM_OC4Init                              0x0800370f   Thumb Code    98  stm32f10x_tim.o(.text)
    TIM_SetIC4Prescaler                      0x08003771   Thumb Code    22  stm32f10x_tim.o(.text)
    TIM_SetIC3Prescaler                      0x080037cd   Thumb Code    18  stm32f10x_tim.o(.text)
    TIM_SetIC2Prescaler                      0x0800381f   Thumb Code    22  stm32f10x_tim.o(.text)
    TIM_SetIC1Prescaler                      0x08003889   Thumb Code    18  stm32f10x_tim.o(.text)
    TIM_ICInit                               0x080038d1   Thumb Code   110  stm32f10x_tim.o(.text)
    TIM_PWMIConfig                           0x0800393f   Thumb Code   124  stm32f10x_tim.o(.text)
    TIM_BDTRConfig                           0x080039bb   Thumb Code    32  stm32f10x_tim.o(.text)
    TIM_TimeBaseStructInit                   0x080039db   Thumb Code    18  stm32f10x_tim.o(.text)
    TIM_OCStructInit                         0x080039ed   Thumb Code    20  stm32f10x_tim.o(.text)
    TIM_ICStructInit                         0x08003a01   Thumb Code    18  stm32f10x_tim.o(.text)
    TIM_BDTRStructInit                       0x08003a13   Thumb Code    18  stm32f10x_tim.o(.text)
    TIM_Cmd                                  0x08003a25   Thumb Code    24  stm32f10x_tim.o(.text)
    TIM_CtrlPWMOutputs                       0x08003a3d   Thumb Code    30  stm32f10x_tim.o(.text)
    TIM_ITConfig                             0x08003a5b   Thumb Code    24  stm32f10x_tim.o(.text)
    TIM_GenerateEvent                        0x08003a73   Thumb Code     4  stm32f10x_tim.o(.text)
    TIM_DMAConfig                            0x08003a77   Thumb Code    10  stm32f10x_tim.o(.text)
    TIM_DMACmd                               0x08003a81   Thumb Code    24  stm32f10x_tim.o(.text)
    TIM_InternalClockConfig                  0x08003a99   Thumb Code    12  stm32f10x_tim.o(.text)
    TIM_SelectInputTrigger                   0x08003aa5   Thumb Code    18  stm32f10x_tim.o(.text)
    TIM_ITRxExternalClockConfig              0x08003ab7   Thumb Code    24  stm32f10x_tim.o(.text)
    TIM_TIxExternalClockConfig               0x08003acf   Thumb Code    62  stm32f10x_tim.o(.text)
    TIM_ETRConfig                            0x08003b0d   Thumb Code    26  stm32f10x_tim.o(.text)
    TIM_ETRClockMode1Config                  0x08003b27   Thumb Code    54  stm32f10x_tim.o(.text)
    TIM_ETRClockMode2Config                  0x08003b5d   Thumb Code    32  stm32f10x_tim.o(.text)
    TIM_PrescalerConfig                      0x08003b7d   Thumb Code     6  stm32f10x_tim.o(.text)
    TIM_CounterModeConfig                    0x08003b83   Thumb Code    18  stm32f10x_tim.o(.text)
    TIM_EncoderInterfaceConfig               0x08003b95   Thumb Code    62  stm32f10x_tim.o(.text)
    TIM_ForcedOC1Config                      0x08003bd3   Thumb Code    18  stm32f10x_tim.o(.text)
    TIM_ForcedOC2Config                      0x08003be5   Thumb Code    22  stm32f10x_tim.o(.text)
    TIM_ForcedOC3Config                      0x08003bfb   Thumb Code    18  stm32f10x_tim.o(.text)
    TIM_ForcedOC4Config                      0x08003c0d   Thumb Code    22  stm32f10x_tim.o(.text)
    TIM_ARRPreloadConfig                     0x08003c23   Thumb Code    24  stm32f10x_tim.o(.text)
    TIM_SelectCOM                            0x08003c3b   Thumb Code    24  stm32f10x_tim.o(.text)
    TIM_SelectCCDMA                          0x08003c53   Thumb Code    24  stm32f10x_tim.o(.text)
    TIM_CCPreloadControl                     0x08003c6b   Thumb Code    24  stm32f10x_tim.o(.text)
    TIM_OC1PreloadConfig                     0x08003c83   Thumb Code    18  stm32f10x_tim.o(.text)
    TIM_OC2PreloadConfig                     0x08003c95   Thumb Code    22  stm32f10x_tim.o(.text)
    TIM_OC3PreloadConfig                     0x08003cab   Thumb Code    18  stm32f10x_tim.o(.text)
    TIM_OC4PreloadConfig                     0x08003cbd   Thumb Code    22  stm32f10x_tim.o(.text)
    TIM_OC1FastConfig                        0x08003cd3   Thumb Code    18  stm32f10x_tim.o(.text)
    TIM_OC2FastConfig                        0x08003ce5   Thumb Code    22  stm32f10x_tim.o(.text)
    TIM_OC3FastConfig                        0x08003cfb   Thumb Code    18  stm32f10x_tim.o(.text)
    TIM_OC4FastConfig                        0x08003d0d   Thumb Code    22  stm32f10x_tim.o(.text)
    TIM_ClearOC1Ref                          0x08003d23   Thumb Code    18  stm32f10x_tim.o(.text)
    TIM_ClearOC2Ref                          0x08003d35   Thumb Code    20  stm32f10x_tim.o(.text)
    TIM_ClearOC3Ref                          0x08003d49   Thumb Code    18  stm32f10x_tim.o(.text)
    TIM_ClearOC4Ref                          0x08003d5b   Thumb Code    20  stm32f10x_tim.o(.text)
    TIM_OC1PolarityConfig                    0x08003d6f   Thumb Code    18  stm32f10x_tim.o(.text)
    TIM_OC1NPolarityConfig                   0x08003d81   Thumb Code    18  stm32f10x_tim.o(.text)
    TIM_OC2PolarityConfig                    0x08003d93   Thumb Code    22  stm32f10x_tim.o(.text)
    TIM_OC2NPolarityConfig                   0x08003da9   Thumb Code    22  stm32f10x_tim.o(.text)
    TIM_OC3PolarityConfig                    0x08003dbf   Thumb Code    22  stm32f10x_tim.o(.text)
    TIM_OC3NPolarityConfig                   0x08003dd5   Thumb Code    22  stm32f10x_tim.o(.text)
    TIM_OC4PolarityConfig                    0x08003deb   Thumb Code    22  stm32f10x_tim.o(.text)
    TIM_CCxCmd                               0x08003e01   Thumb Code    30  stm32f10x_tim.o(.text)
    TIM_CCxNCmd                              0x08003e1f   Thumb Code    30  stm32f10x_tim.o(.text)
    TIM_SelectOCxM                           0x08003e3d   Thumb Code   114  stm32f10x_tim.o(.text)
    TIM_UpdateDisableConfig                  0x08003eaf   Thumb Code    24  stm32f10x_tim.o(.text)
    TIM_UpdateRequestConfig                  0x08003ec7   Thumb Code    24  stm32f10x_tim.o(.text)
    TIM_SelectHallSensor                     0x08003edf   Thumb Code    24  stm32f10x_tim.o(.text)
    TIM_SelectOnePulseMode                   0x08003ef7   Thumb Code    18  stm32f10x_tim.o(.text)
    TIM_SelectOutputTrigger                  0x08003f09   Thumb Code    18  stm32f10x_tim.o(.text)
    TIM_SelectSlaveMode                      0x08003f1b   Thumb Code    18  stm32f10x_tim.o(.text)
    TIM_SelectMasterSlaveMode                0x08003f2d   Thumb Code    18  stm32f10x_tim.o(.text)
    TIM_SetCounter                           0x08003f3f   Thumb Code     4  stm32f10x_tim.o(.text)
    TIM_SetAutoreload                        0x08003f43   Thumb Code     4  stm32f10x_tim.o(.text)
    TIM_SetCompare1                          0x08003f47   Thumb Code     4  stm32f10x_tim.o(.text)
    TIM_SetCompare2                          0x08003f4b   Thumb Code     4  stm32f10x_tim.o(.text)
    TIM_SetCompare3                          0x08003f4f   Thumb Code     4  stm32f10x_tim.o(.text)
    TIM_SetCompare4                          0x08003f53   Thumb Code     6  stm32f10x_tim.o(.text)
    TIM_SetClockDivision                     0x08003f59   Thumb Code    14  stm32f10x_tim.o(.text)
    TIM_GetCapture1                          0x08003f67   Thumb Code     6  stm32f10x_tim.o(.text)
    TIM_GetCapture2                          0x08003f6d   Thumb Code     6  stm32f10x_tim.o(.text)
    TIM_GetCapture3                          0x08003f73   Thumb Code     6  stm32f10x_tim.o(.text)
    TIM_GetCapture4                          0x08003f79   Thumb Code     8  stm32f10x_tim.o(.text)
    TIM_GetCounter                           0x08003f81   Thumb Code     6  stm32f10x_tim.o(.text)
    TIM_GetPrescaler                         0x08003f87   Thumb Code     6  stm32f10x_tim.o(.text)
    TIM_GetFlagStatus                        0x08003f8d   Thumb Code    18  stm32f10x_tim.o(.text)
    TIM_ClearFlag                            0x08003f9f   Thumb Code     6  stm32f10x_tim.o(.text)
    TIM_GetITStatus                          0x08003fa5   Thumb Code    34  stm32f10x_tim.o(.text)
    TIM_ClearITPendingBit                    0x08003fc7   Thumb Code     6  stm32f10x_tim.o(.text)
    __aeabi_fadd                             0x08003fcd   Thumb Code   164  fadd.o(.text)
    __aeabi_fsub                             0x08004071   Thumb Code     6  fadd.o(.text)
    __aeabi_frsub                            0x08004077   Thumb Code     6  fadd.o(.text)
    __aeabi_fmul                             0x0800407d   Thumb Code   108  fmul.o(.text)
    __aeabi_i2f                              0x080040e9   Thumb Code    18  fflti.o(.text)
    __aeabi_f2iz                             0x080040fb   Thumb Code    50  ffixi.o(.text)
    __aeabi_cfcmpeq                          0x0800412d   Thumb Code     0  cfcmple.o(.text)
    __aeabi_cfcmple                          0x0800412d   Thumb Code    20  cfcmple.o(.text)
    __aeabi_cfrcmple                         0x08004141   Thumb Code    20  cfrcmple.o(.text)
    __I$use$fp                               0x08004155   Thumb Code     0  iusefp.o(.text)
    _float_round                             0x08004155   Thumb Code    18  fepilogue.o(.text)
    _float_epilogue                          0x08004167   Thumb Code    94  fepilogue.o(.text)
    __scatterload                            0x080041c5   Thumb Code    28  init.o(.text)
    __scatterload_rt2                        0x080041c5   Thumb Code     0  init.o(.text)
    __decompress                             0x080041e9   Thumb Code     0  __dczerorl2.o(.text)
    __decompress1                            0x080041e9   Thumb Code    92  __dczerorl2.o(.text)
    __scatterload_copy                       0x08004245   Thumb Code    14  handlers.o(i.__scatterload_copy)
    __scatterload_null                       0x08004253   Thumb Code     2  handlers.o(i.__scatterload_null)
    __scatterload_zeroinit                   0x08004255   Thumb Code    14  handlers.o(i.__scatterload_zeroinit)
    Region$$Table$$Base                      0x080042a0   Number         0  anon$$obj.o(Region$$Table)
    Region$$Table$$Limit                     0x080042c0   Number         0  anon$$obj.o(Region$$Table)
    DesiredSpeed                             0x20000004   Data           4  main.o(.data)
    pwm                                      0x20000008   Data           4  main.o(.data)
    kp                                       0x2000000c   Data           4  main.o(.data)
    ki                                       0x20000010   Data           4  main.o(.data)
    kd                                       0x20000014   Data           4  main.o(.data)
    ek                                       0x20000018   Data           4  main.o(.data)
    ek1                                      0x2000001c   Data           4  main.o(.data)
    ek2                                      0x20000020   Data           4  main.o(.data)
    ekSpeed                                  0x20000024   Data           4  main.o(.data)
    LED_Code                                 0x20000028   Data          16  main.o(.data)
    motor_statue                             0x20000038   Data           2  main.o(.data)
    Row0                                     0x2000003c   Data          40  main.o(.data)
    Row1                                     0x20000064   Data          40  main.o(.data)
    Clear                                    0x2000008c   Data          64  main.o(.data)
    Flags                                    0x200000d8   Data           4  main.o(.data)
    ActualSpeed                              0x200000dc   Data           4  main.o(.data)
    T3Count                                  0x200000e0   Data           4  main.o(.data)
    ADC_DMABUF                               0x200000e4   Data           2  main.o(.data)
    AveActualSpeed                           0x200000e8   Data           4  main.o(.data)
    AveNum                                   0x200000ec   Data           1  main.o(.data)
    j                                        0x200000ed   Data           1  main.o(.data)
    duk                                      0x200000f0   Data           4  main.o(.data)
    du                                       0x200000f4   Data           4  main.o(.data)
    LED_Dis                                  0x200000f8   Data           4  main.o(.data)
    state                                    0x200000fc   Data           4  main.o(.data)
    state1                                   0x20000100   Data           4  main.o(.data)
    state2                                   0x20000104   Data           4  main.o(.data)
    state3                                   0x20000108   Data           4  main.o(.data)
    counter1                                 0x2000010c   Data           4  main.o(.data)
    counter2                                 0x20000110   Data           4  main.o(.data)
    counter3                                 0x20000114   Data           4  main.o(.data)
    speed_1                                  0x20000118   Data           4  main.o(.data)
    aim_speed                                0x2000011c   Data           4  main.o(.data)
    check_run                                0x20000120   Data           4  main.o(.data)
    speed_code                               0x20000124   Data           4  main.o(.data)
    EXTI_InitStructure                       0x20000128   Data           8  main.o(.data)
    HSEStartUpStatus                         0x20000130   Data           1  main.o(.data)
    My_PWM                                   0x20000134   Data           2  stm32f10x_it.o(.data)
    LED_dual                                 0x20000138   Data           4  stm32f10x_it.o(.data)
    LED_bit                                  0x2000013c   Data           4  stm32f10x_it.o(.data)
    Key_Test1                                0x20000140   Data           4  stm32f10x_it.o(.data)
    Key_Test2                                0x20000144   Data           4  stm32f10x_it.o(.data)
    AD_value                                 0x20000148   Data           2  stm32f10x_it.o(.data)
    Count                                    0x2000014a   Data           2  stm32f10x_it.o(.data)
    aaa                                      0x2000014c   Data           2  stm32f10x_it.o(.data)
    LED_15                                   0x2000014e   Data           1  stm32f10x_it.o(.data)
    Direction                                0x2000014f   Data           1  stm32f10x_it.o(.data)
    Hall                                     0x20000150   Data           2  stm32f10x_it.o(.data)
    ADC_ConvertedValue                       0x2000015c   Data          10  main.o(.bss)
    ActualSpeed5                             0x20000168   Data          12  main.o(.bss)
    TIM_BDTRInitStructure                    0x20000174   Data          14  main.o(.bss)
    TIM_TimeBaseStructure                    0x20000182   Data          10  main.o(.bss)
    TIM_OCInitStructure                      0x2000018c   Data          16  main.o(.bss)
    tmp_CanRxMessage                         0x2000019c   Data          20  can.o(.bss)
    tmp_TxMessage                            0x200001b0   Data          20  can.o(.bss)
    __initial_sp                             0x200011c8   Data           0  stm32f10x_vector.o(STACK)



==============================================================================

Memory Map of the image

  Image Entry point : 0x08000131

  Load Region LR_IROM1 (Base: 0x08000000, Size: 0x0000441c, Max: 0x00020000, ABSOLUTE, COMPRESSED[0x000042f4])

    Execution Region ER_IROM1 (Base: 0x08000000, Size: 0x000042c0, Max: 0x00020000, ABSOLUTE)

    Base Addr    Size         Type   Attr      Idx    E Section Name        Object

    0x08000000   0x00000130   Data   RO            8    RESET               stm32f10x_vector.o
    0x08000130   0x00000000   Code   RO          500  * .ARM.Collect$$$$00000000  mc_w.l(entry.o)(mc_w.l)
    0x08000130   0x00000004   Code   RO          515    .ARM.Collect$$$$00000001  mc_w.l(entry2.o)(mc_w.l)
    0x08000134   0x00000004   Code   RO          518    .ARM.Collect$$$$00000004  mc_w.l(entry5.o)(mc_w.l)
    0x08000138   0x00000008   Code   RO          519    .ARM.Collect$$$$00000007  mc_w.l(entry7.o)(mc_w.l)
    0x08000140   0x00000004   Code   RO          516    .ARM.Collect$$$$00002712  mc_w.l(entry2.o)(mc_w.l)
    0x08000144   0x0000007a   Code   RO            1    .text               cortexm3_macro.o
    0x080001be   0x00000002   PAD
    0x080001c0   0x00000008   Code   RO            9    .text               stm32f10x_vector.o
    0x080001c8   0x000006cc   Code   RO           13    .text               main.o
    0x08000894   0x000000ec   Code   RO          123    .text               adc.o
    0x08000980   0x00000098   Code   RO          136    .text               tim3.o
    0x08000a18   0x00000100   Code   RO          149    .text               can.o
    0x08000b18   0x00000050   Code   RO          164    .text               tim2.o
    0x08000b68   0x00000050   Code   RO          177    .text               tim4.o
    0x08000bb8   0x00000434   Code   RO          190    .text               stm32f10x_adc.o
    0x08000fec   0x00000888   Code   RO          214    .text               stm32f10x_can.o
    0x08001874   0x00000244   Code   RO          262    .text               stm32f10x_dma.o
    0x08001ab8   0x00000160   Code   RO          274    .text               stm32f10x_exti.o
    0x08001c18   0x00000534   Code   RO          286    .text               stm32f10x_flash.o
    0x0800214c   0x00000328   Code   RO          310    .text               stm32f10x_gpio.o
    0x08002474   0x0000073c   Code   RO          334    .text               stm32f10x_it.o
    0x08002bb0   0x00000458   Code   RO          377    .text               stm32f10x_nvic.o
    0x08003008   0x000003b8   Code   RO          401    .text               stm32f10x_rcc.o
    0x080033c0   0x000000c2   Code   RO          452    .text               stm32f10x_systick.o
    0x08003482   0x00000002   PAD
    0x08003484   0x00000b48   Code   RO          464    .text               stm32f10x_tim.o
    0x08003fcc   0x000000b0   Code   RO          503    .text               mf_w.l(fadd.o)(mf_w.l)
    0x0800407c   0x0000006c   Code   RO          505    .text               mf_w.l(fmul.o)(mf_w.l)
    0x080040e8   0x00000012   Code   RO          507    .text               mf_w.l(fflti.o)(mf_w.l)
    0x080040fa   0x00000032   Code   RO          509    .text               mf_w.l(ffixi.o)(mf_w.l)
    0x0800412c   0x00000014   Code   RO          511    .text               mf_w.l(cfcmple.o)(mf_w.l)
    0x08004140   0x00000014   Code   RO          513    .text               mf_w.l(cfrcmple.o)(mf_w.l)
    0x08004154   0x00000000   Code   RO          520    .text               mc_w.l(iusefp.o)(mc_w.l)
    0x08004154   0x00000070   Code   RO          521    .text               mf_w.l(fepilogue.o)(mf_w.l)
    0x080041c4   0x00000024   Code   RO          523    .text               mc_w.l(init.o)(mc_w.l)
    0x080041e8   0x0000005c   Code   RO          533    .text               mc_w.l(__dczerorl2.o)(mc_w.l)
    0x08004244   0x0000000e   Code   RO          527    i.__scatterload_copy  mc_w.l(handlers.o)(mc_w.l)
    0x08004252   0x00000002   Code   RO          528    i.__scatterload_null  mc_w.l(handlers.o)(mc_w.l)
    0x08004254   0x0000000e   Code   RO          529    i.__scatterload_zeroinit  mc_w.l(handlers.o)(mc_w.l)
    0x08004262   0x00000014   Data   RO          402    .constdata          stm32f10x_rcc.o
    0x08004276   0x00000027   Data   RO           15    .conststring        main.o
    0x0800429d   0x00000003   PAD
    0x080042a0   0x00000020   Data   RO          525    Region$$Table       anon$$obj.o


    Execution Region RW_IRAM1 (Base: 0x20000000, Size: 0x000011c8, Max: 0x00005000, ABSOLUTE, COMPRESSED[0x00000034])

    Base Addr    Size         Type   Attr      Idx    E Section Name        Object

    0x20000000   0x00000131   Data   RW           16    .data               main.o
    0x20000131   0x00000003   PAD
    0x20000134   0x0000001e   Data   RW          335    .data               stm32f10x_it.o
    0x20000152   0x00000002   PAD
    0x20000154   0x00000005   Data   RW          403    .data               stm32f10x_rcc.o
    0x20000159   0x00000003   PAD
    0x2000015c   0x00000040   Zero   RW           14    .bss                main.o
    0x2000019c   0x00000028   Zero   RW          150    .bss                can.o
    0x200001c4   0x00000004   PAD
    0x200001c8   0x00001000   Zero   RW            6    STACK               stm32f10x_vector.o


==============================================================================

Image component sizes


      Code (inc. data)   RO Data    RW Data    ZI Data      Debug   Object Name

       236         12          0          0          0          0   adc.o
       256          4          0          0         40          0   can.o
       122          0          0          0          0          0   cortexm3_macro.o
      1740        154         39        305         64          0   main.o
      1076         28          0          0          0          0   stm32f10x_adc.o
      2184         96          0          0          0          0   stm32f10x_can.o
       580         26          0          0          0          0   stm32f10x_dma.o
       352         34          0          0          0          0   stm32f10x_exti.o
      1332         50          0          0          0          0   stm32f10x_flash.o
       808         16          0          0          0          0   stm32f10x_gpio.o
      1852        154          0         30          0          0   stm32f10x_it.o
      1112         78          0          0          0          0   stm32f10x_nvic.o
       952         60         20          5          0          0   stm32f10x_rcc.o
       194          0          0          0          0          0   stm32f10x_systick.o
      2888         16          0          0          0          0   stm32f10x_tim.o
         8          4        304          0       4096          0   stm32f10x_vector.o
        80          0          0          0          0          0   tim2.o
       152         12          0          0          0          0   tim3.o
        80          4          0          0          0          0   tim4.o

    ----------------------------------------------------------------------
     16008        748        398        348       4204          0   Object Totals
         0          0         32          0          0          0   (incl. Generated)
         4          0          3          8          4          1   (incl. Padding)

    ----------------------------------------------------------------------

      Code (inc. data)   RO Data    RW Data    ZI Data      Debug   Library Member Name

        92          0          0          0          0          0   __dczerorl2.o
         0          0          0          0          0          0   entry.o
         8          4          0          0          0          0   entry2.o
         4          0          0          0          0          0   entry5.o
         8          4          0          0          0          0   entry7.o
        30          0          0          0          0          0   handlers.o
        36          8          0          0          0          0   init.o
         0          0          0          0          0          0   iusefp.o
        20          0          0          0          0          0   cfcmple.o
        20          0          0          0          0          0   cfrcmple.o
       176          0          0          0          0          0   fadd.o
       112          0          0          0          0          0   fepilogue.o
        50          0          0          0          0          0   ffixi.o
        18          0          0          0          0          0   fflti.o
       108          0          0          0          0          0   fmul.o

    ----------------------------------------------------------------------
       682         16          0          0          0          0   Library Totals
         0          0          0          0          0          0   (incl. Padding)

    ----------------------------------------------------------------------

      Code (inc. data)   RO Data    RW Data    ZI Data      Debug   Library Name

       178         16          0          0          0         68   mc_w.l
       504          0          0          0          0        656   mf_w.l

    ----------------------------------------------------------------------
       682         16          0          0          0          0   Library Totals

    ----------------------------------------------------------------------

==============================================================================


      Code (inc. data)   RO Data    RW Data    ZI Data      Debug   

     16690        764        398        348       4204     182040   Grand Totals
     16690        764        398         52       4204     182040   ELF Image Totals (compressed)
     16690        764        398         52          0          0   ROM Totals

==============================================================================

    Total RO  Size (Code + RO Data)                17088 (  16.69kB)
    Total RW  Size (RW Data + ZI Data)              4552 (   4.45kB)
    Total ROM Size (Code + RO Data + RW Data)      17140 (  16.74kB)

==============================================================================

