Component: ARM Compiler 5.06 update 5 (build 528) Tool: armlink [4d35e2]

==============================================================================

Section Cross References

    startup_stm32f407xx.o(STACK) refers (Special) to heapauxi.o(.text) for __use_two_region_memory
    startup_stm32f407xx.o(HEAP) refers (Special) to heapauxi.o(.text) for __use_two_region_memory
    startup_stm32f407xx.o(RESET) refers (Special) to heapauxi.o(.text) for __use_two_region_memory
    startup_stm32f407xx.o(RESET) refers to startup_stm32f407xx.o(STACK) for __initial_sp
    startup_stm32f407xx.o(RESET) refers to startup_stm32f407xx.o(.text) for Reset_Handler
    startup_stm32f407xx.o(RESET) refers to system.o(i.SysTick_Handler) for SysTick_Handler
    startup_stm32f407xx.o(RESET) refers to exti.o(i.EXTI0_IRQHandler) for EXTI0_IRQHandler
    startup_stm32f407xx.o(RESET) refers to exti.o(i.EXTI1_IRQHandler) for EXTI1_IRQHandler
    startup_stm32f407xx.o(RESET) refers to exti.o(i.EXTI2_IRQHandler) for EXTI2_IRQHandler
    startup_stm32f407xx.o(RESET) refers to exti.o(i.EXTI3_IRQHandler) for EXTI3_IRQHandler
    startup_stm32f407xx.o(RESET) refers to exti.o(i.EXTI4_IRQHandler) for EXTI4_IRQHandler
    startup_stm32f407xx.o(RESET) refers to exti.o(i.EXTI9_5_IRQHandler) for EXTI9_5_IRQHandler
    startup_stm32f407xx.o(RESET) refers to timer.o(i.TIM1_CC_IRQHandler) for TIM1_CC_IRQHandler
    startup_stm32f407xx.o(RESET) refers to timer.o(i.TIM2_IRQHandler) for TIM2_IRQHandler
    startup_stm32f407xx.o(RESET) refers to timer.o(i.TIM3_IRQHandler) for TIM3_IRQHandler
    startup_stm32f407xx.o(RESET) refers to timer.o(i.TIM4_IRQHandler) for TIM4_IRQHandler
    startup_stm32f407xx.o(RESET) refers to serial_uart_stm32f4xx.o(i.USART1_IRQHandler) for USART1_IRQHandler
    startup_stm32f407xx.o(RESET) refers to serial_uart_stm32f4xx.o(i.USART3_IRQHandler) for USART3_IRQHandler
    startup_stm32f407xx.o(RESET) refers to exti.o(i.EXTI15_10_IRQHandler) for EXTI15_10_IRQHandler
    startup_stm32f407xx.o(RESET) refers to serial_uart_stm32f4xx.o(i.USART6_IRQHandler) for USART6_IRQHandler
    startup_stm32f407xx.o(.text) refers (Special) to heapauxi.o(.text) for __use_two_region_memory
    startup_stm32f407xx.o(.text) refers to system_stm32f4xx.o(i.SystemInit) for SystemInit
    startup_stm32f407xx.o(.text) refers to __main.o(!!!main) for __main
    startup_stm32f407xx.o(.text) refers to startup_stm32f407xx.o(HEAP) for Heap_Mem
    startup_stm32f407xx.o(.text) refers to startup_stm32f407xx.o(STACK) for Stack_Mem
    stm32f4xx_gpio.o(i.GPIO_DeInit) refers to stm32f4xx_rcc.o(i.RCC_AHB1PeriphResetCmd) for RCC_AHB1PeriphResetCmd
    stm32f4xx_pwr.o(i.PWR_DeInit) refers to stm32f4xx_rcc.o(i.RCC_APB1PeriphResetCmd) for RCC_APB1PeriphResetCmd
    stm32f4xx_rcc.o(i.RCC_GetClocksFreq) refers to stm32f4xx_rcc.o(.data) for .data
    stm32f4xx_rcc.o(i.RCC_WaitForHSEStartUp) refers to stm32f4xx_rcc.o(i.RCC_GetFlagStatus) for RCC_GetFlagStatus
    stm32f4xx_spi.o(i.SPI_I2S_DeInit) refers to stm32f4xx_rcc.o(i.RCC_APB1PeriphResetCmd) for RCC_APB1PeriphResetCmd
    stm32f4xx_spi.o(i.SPI_I2S_DeInit) refers to stm32f4xx_rcc.o(i.RCC_APB2PeriphResetCmd) for RCC_APB2PeriphResetCmd
    stm32f4xx_syscfg.o(i.SYSCFG_DeInit) refers to stm32f4xx_rcc.o(i.RCC_APB2PeriphResetCmd) for RCC_APB2PeriphResetCmd
    stm32f4xx_tim.o(i.TIM_DeInit) refers to stm32f4xx_rcc.o(i.RCC_APB2PeriphResetCmd) for RCC_APB2PeriphResetCmd
    stm32f4xx_tim.o(i.TIM_DeInit) refers to stm32f4xx_rcc.o(i.RCC_APB1PeriphResetCmd) for RCC_APB1PeriphResetCmd
    stm32f4xx_tim.o(i.TIM_ETRClockMode1Config) refers to stm32f4xx_tim.o(i.TIM_ETRConfig) for TIM_ETRConfig
    stm32f4xx_tim.o(i.TIM_ETRClockMode2Config) refers to stm32f4xx_tim.o(i.TIM_ETRConfig) for TIM_ETRConfig
    stm32f4xx_tim.o(i.TIM_ICInit) refers to stm32f4xx_tim.o(i.TIM_SetIC4Prescaler) for TIM_SetIC4Prescaler
    stm32f4xx_tim.o(i.TIM_ICInit) refers to stm32f4xx_tim.o(i.TI1_Config) for TI1_Config
    stm32f4xx_tim.o(i.TIM_ICInit) refers to stm32f4xx_tim.o(i.TIM_SetIC1Prescaler) for TIM_SetIC1Prescaler
    stm32f4xx_tim.o(i.TIM_ICInit) refers to stm32f4xx_tim.o(i.TI2_Config) for TI2_Config
    stm32f4xx_tim.o(i.TIM_ICInit) refers to stm32f4xx_tim.o(i.TIM_SetIC2Prescaler) for TIM_SetIC2Prescaler
    stm32f4xx_tim.o(i.TIM_ICInit) refers to stm32f4xx_tim.o(i.TIM_SetIC3Prescaler) for TIM_SetIC3Prescaler
    stm32f4xx_tim.o(i.TIM_ITRxExternalClockConfig) refers to stm32f4xx_tim.o(i.TIM_SelectInputTrigger) for TIM_SelectInputTrigger
    stm32f4xx_tim.o(i.TIM_PWMIConfig) refers to stm32f4xx_tim.o(i.TI2_Config) for TI2_Config
    stm32f4xx_tim.o(i.TIM_PWMIConfig) refers to stm32f4xx_tim.o(i.TIM_SetIC2Prescaler) for TIM_SetIC2Prescaler
    stm32f4xx_tim.o(i.TIM_PWMIConfig) refers to stm32f4xx_tim.o(i.TI1_Config) for TI1_Config
    stm32f4xx_tim.o(i.TIM_PWMIConfig) refers to stm32f4xx_tim.o(i.TIM_SetIC1Prescaler) for TIM_SetIC1Prescaler
[...]
    pidProfile                               0x20000e1c   Data           4  rc_controls.o(.data)
    .data                                    0x20000e20   Section        8  rc_controls.o(.data)
    .data                                    0x20000e28   Section        4  fc_rc.o(.data)
    throttlePIDAttenuation                   0x20000e28   Data           4  fc_rc.o(.data)
    .data                                    0x20000e2c   Section       28  mixer.o(.data)
    motorCount                               0x20000e2c   Data           1  mixer.o(.data)
    disarmMotorOutput                        0x20000e2e   Data           2  mixer.o(.data)
    customMixers                             0x20000e34   Data           4  mixer.o(.data)
    motorConfig                              0x20000e38   Data           4  mixer.o(.data)
    mixerConfig                              0x20000e3c   Data           4  mixer.o(.data)
    rcCommandThrottleRange                   0x20000e44   Data           4  mixer.o(.data)
    .data                                    0x20000e48   Section        4  feature.o(.data)
    activeFeaturesLatch                      0x20000e48   Data           4  feature.o(.data)
    .data                                    0x20000e4c   Section       32  rx.o(.data)
    rxDataReceived                           0x20000e4c   Data           1  rx.o(.data)
    rxSignalReceived                         0x20000e4d   Data           1  rx.o(.data)
    rxSignalReceivedNotDataDriven            0x20000e4e   Data           1  rx.o(.data)
    rxFlightChannelsValid                    0x20000e4f   Data           1  rx.o(.data)
    rxIsInFailsafeMode                       0x20000e50   Data           1  rx.o(.data)
    rxIsInFailsafeModeNotDataDriven          0x20000e51   Data           1  rx.o(.data)
    skipRxSamples                            0x20000e52   Data           1  rx.o(.data)
    rcSampleIndex                            0x20000e53   Data           1  rx.o(.data)
    maxChannelsAllowed                       0x20000e54   Data           1  rx.o(.data)
    rxSamplesCollected                       0x20000e55   Data           1  rx.o(.data)
    validFlightChannelMask                   0x20000e56   Data           1  rx.o(.data)
    rxUpdateAt                               0x20000e58   Data           4  rx.o(.data)
    needRxSignalBefore                       0x20000e5c   Data           4  rx.o(.data)
    suspendRxSignalUntil                     0x20000e60   Data           4  rx.o(.data)
    needRxSignalMaxDelayUs                   0x20000e64   Data           4  rx.o(.data)
    rxConfig                                 0x20000e68   Data           4  rx.o(.data)
    .data                                    0x20000e6c   Section        8  sbus.o(.data)
    sbusFrameDone                            0x20000e6c   Data           1  sbus.o(.data)
    sbusFramePosition                        0x20000e6d   Data           1  sbus.o(.data)
    sbusFrameStartAt                         0x20000e70   Data           4  sbus.o(.data)
    .data                                    0x20000e74   Section        8  debug.o(.data)
    .data                                    0x20000e7c   Section        1  debug.o(.data)
    .bss                                     0x20000e80   Section       16  system.o(.bss)
    .bss                                     0x20000e90   Section       64  exti.o(.bss)
    .bss                                     0x20000ed0   Section      640  io.o(.bss)
    .bss                                     0x20001150   Section       16  led.o(.bss)
    leds                                     0x20001150   Data          16  led.o(.bss)
    .bss                                     0x20001160   Section      320  pwm_output.o(.bss)
    timerLeds                                0x20001160   Data          80  pwm_output.o(.bss)
    motors                                   0x200011b0   Data         240  pwm_output.o(.bss)
    .bss                                     0x200012a0   Section       36  serial.o(.bss)
    serialPortUsageList                      0x200012a0   Data          36  serial.o(.bss)
    .bss                                     0x200012c4   Section      254  timer.o(.bss)
    .bss                                     0x200013c4   Section      868  config.o(.bss)
    .bss                                     0x20001728   Section       24  fc_rc.o(.bss)
    lookupThrottleRC                         0x20001728   Data          24  fc_rc.o(.bss)
    .bss                                     0x20001740   Section      240  mixer.o(.bss)
    currentMixer                             0x20001770   Data         192  mixer.o(.bss)
    .bss                                     0x20001830   Section      220  rx.o(.bss)
    rcSamples                                0x20001830   Data          48  rx.o(.bss)
    rcDataMean                               0x20001860   Data          16  rx.o(.bss)
    .bss                                     0x2000190c   Section      100  sbus.o(.bss)
    sbusFrame                                0x2000190c   Data          25  sbus.o(.bss)
    sbusChannelData                          0x20001928   Data          72  sbus.o(.bss)
    .bss                                     0x20001970   Section       96  libspace.o(.bss)
    HEAP                                     0x200019d0   Section      512  startup_stm32f407xx.o(HEAP)
    Heap_Mem                                 0x200019d0   Data         512  startup_stm32f407xx.o(HEAP)
    STACK                                    0x20001bd0   Section     1024  startup_stm32f407xx.o(STACK)
    Stack_Mem                                0x20001bd0   Data        1024  startup_stm32f407xx.o(STACK)
    __initial_sp                             0x20001fd0   Data           0  startup_stm32f407xx.o(STACK)

    Global Symbols

    Symbol Name                              Value     Ov Type        Size  Object(Section)

    BuildAttributes$$THM_ISAv4$E$P$D$K$B$S$7EM$VFPi3$EXTD16$VFPS$VFMA$PE$A:L22UL41UL21$X:L11$S22US41US21$IEEE1$IW$USESV6$~STKCKD$USESV7$~SHL$OTIME$ROPI$IEEEX$EBA8$UX$STANDARDLIB$REQ8$PRES8$EABIv2 0x00000000   Number         0  anon$$obj.o ABSOLUTE
    __ARM_use_no_argv                        0x00000000   Number         0  main.o ABSOLUTE
    __ARM_exceptions_init                     - Undefined Weak Reference
    __alloca_initialize                       - Undefined Weak Reference
    __arm_preinit_                            - Undefined Weak Reference
    __cpp_initialize__aeabi_                  - Undefined Weak Reference
    __cxa_finalize                            - Undefined Weak Reference
    __sigvec_lookup                           - Undefined Weak Reference
    _atexit_init                              - Undefined Weak Reference
    _call_atexit_fns                          - Undefined Weak Reference
    _clock_init                               - Undefined Weak Reference
    _fp_trap_init                             - Undefined Weak Reference
    _fp_trap_shutdown                         - Undefined Weak Reference
    _get_lc_collate                           - Undefined Weak Reference
    _get_lc_ctype                             - Undefined Weak Reference
    _get_lc_monetary                          - Undefined Weak Reference
    _get_lc_time                              - Undefined Weak Reference
    _getenv_init                              - Undefined Weak Reference
    _handle_redirection                       - Undefined Weak Reference
    _init_alloc                               - Undefined Weak Reference
    _init_user_alloc                          - Undefined Weak Reference
    _initio                                   - Undefined Weak Reference
    _mutex_acquire                            - Undefined Weak Reference
    _mutex_release                            - Undefined Weak Reference
    _printf_mbtowc                            - Undefined Weak Reference
    _printf_post_padding                      - Undefined Weak Reference
    _printf_pre_padding                       - Undefined Weak Reference
    _printf_truncate_signed                   - Undefined Weak Reference
    _printf_truncate_unsigned                 - Undefined Weak Reference
    _signal_finish                            - Undefined Weak Reference
    _signal_init                              - Undefined Weak Reference
    _terminate_alloc                          - Undefined Weak Reference
    _terminate_user_alloc                     - Undefined Weak Reference
    _terminateio                              - Undefined Weak Reference
    __Vectors_Size                           0x00000188   Number         0  startup_stm32f407xx.o ABSOLUTE
    __Vectors                                0x08000000   Data           4  startup_stm32f407xx.o(RESET)
    __Vectors_End                            0x08000188   Data           0  startup_stm32f407xx.o(RESET)
    __main                                   0x08000189   Thumb Code     8  __main.o(!!!main)
    __scatterload                            0x08000191   Thumb Code     0  __scatter.o(!!!scatter)
    __scatterload_rt2                        0x08000191   Thumb Code    44  __scatter.o(!!!scatter)
    __scatterload_rt2_thumb_only             0x08000191   Thumb Code     0  __scatter.o(!!!scatter)
    __scatterload_null                       0x0800019f   Thumb Code     0  __scatter.o(!!!scatter)
    __decompress                             0x080001c5   Thumb Code    90  __dczerorl2.o(!!dczerorl2)
    __decompress1                            0x080001c5   Thumb Code     0  __dczerorl2.o(!!dczerorl2)
    __scatterload_zeroinit                   0x08000221   Thumb Code    28  __scatter_zi.o(!!handler_zi)
    _printf_d                                0x0800023d   Thumb Code     0  _printf_d.o(.ARM.Collect$$_printf_percent$$00000009)
    _printf_percent                          0x0800023d   Thumb Code     0  _printf_percent.o(.ARM.Collect$$_printf_percent$$00000000)
    _printf_u                                0x08000243   Thumb Code     0  _printf_u.o(.ARM.Collect$$_printf_percent$$0000000A)
    _printf_s                                0x08000249   Thumb Code     0  _printf_s.o(.ARM.Collect$$_printf_percent$$00000014)
    _printf_percent_end                      0x0800024f   Thumb Code     0  _printf_percent_end.o(.ARM.Collect$$_printf_percent$$00000017)
    __rt_lib_init                            0x08000253   Thumb Code     0  libinit.o(.ARM.Collect$$libinit$$00000000)
    __rt_lib_init_fp_1                       0x08000255   Thumb Code     0  libinit2.o(.ARM.Collect$$libinit$$00000001)
    __rt_lib_init_alloca_1                   0x08000259   Thumb Code     0  libinit2.o(.ARM.Collect$$libinit$$0000002E)
    __rt_lib_init_argv_1                     0x08000259   Thumb Code     0  libinit2.o(.ARM.Collect$$libinit$$0000002C)
    __rt_lib_init_atexit_1                   0x08000259   Thumb Code     0  libinit2.o(.ARM.Collect$$libinit$$0000001B)
    __rt_lib_init_clock_1                    0x08000259   Thumb Code     0  libinit2.o(.ARM.Collect$$libinit$$00000021)
    __rt_lib_init_cpp_1                      0x08000259   Thumb Code     0  libinit2.o(.ARM.Collect$$libinit$$00000032)
    __rt_lib_init_exceptions_1               0x08000259   Thumb Code     0  libinit2.o(.ARM.Collect$$libinit$$00000030)
    __rt_lib_init_fp_trap_1                  0x08000259   Thumb Code     0  libinit2.o(.ARM.Collect$$libinit$$0000001F)
    __rt_lib_init_getenv_1                   0x08000259   Thumb Code     0  libinit2.o(.ARM.Collect$$libinit$$00000023)
    __rt_lib_init_heap_1                     0x08000259   Thumb Code     0  libinit2.o(.ARM.Collect$$libinit$$0000000A)
    __rt_lib_init_lc_collate_1               0x08000259   Thumb Code     0  libinit2.o(.ARM.Collect$$libinit$$00000011)
    __rt_lib_init_lc_ctype_1                 0x08000259   Thumb Code     0  libinit2.o(.ARM.Collect$$libinit$$00000013)
    __rt_lib_init_lc_monetary_1              0x08000259   Thumb Code     0  libinit2.o(.ARM.Collect$$libinit$$00000015)
    __rt_lib_init_lc_numeric_1               0x08000259   Thumb Code     0  libinit2.o(.ARM.Collect$$libinit$$00000017)
    __rt_lib_init_lc_time_1                  0x08000259   Thumb Code     0  libinit2.o(.ARM.Collect$$libinit$$00000019)
    __rt_lib_init_preinit_1                  0x08000259   Thumb Code     0  libinit2.o(.ARM.Collect$$libinit$$00000004)
    __rt_lib_init_rand_1                     0x08000259   Thumb Code     0  libinit2.o(.ARM.Collect$$libinit$$0000000E)
    __rt_lib_init_return                     0x08000259   Thumb Code     0  libinit2.o(.ARM.Collect$$libinit$$00000033)
    __rt_lib_init_signal_1                   0x08000259   Thumb Code     0  libinit2.o(.ARM.Collect$$libinit$$0000001D)
    __rt_lib_init_stdio_1                    0x08000259   Thumb Code     0  libinit2.o(.ARM.Collect$$libinit$$00000025)
    __rt_lib_init_user_alloc_1               0x08000259   Thumb Code     0  libinit2.o(.ARM.Collect$$libinit$$0000000C)
    __rt_lib_shutdown                        0x0800025b   Thumb Code     0  libshutdown.o(.ARM.Collect$$libshutdown$$00000000)
    __rt_lib_shutdown_cpp_1                  0x0800025d   Thumb Code     0  libshutdown2.o(.ARM.Collect$$libshutdown$$00000002)
    __rt_lib_shutdown_fp_trap_1              0x0800025d   Thumb Code     0  libshutdown2.o(.ARM.Collect$$libshutdown$$00000007)
    __rt_lib_shutdown_heap_1                 0x0800025d   Thumb Code     0  libshutdown2.o(.ARM.Collect$$libshutdown$$0000000F)
    __rt_lib_shutdown_return                 0x0800025d   Thumb Code     0  libshutdown2.o(.ARM.Collect$$libshutdown$$00000010)
    __rt_lib_shutdown_signal_1               0x0800025d   Thumb Code     0  libshutdown2.o(.ARM.Collect$$libshutdown$$0000000A)
    __rt_lib_shutdown_stdio_1                0x0800025d   Thumb Code     0  libshutdown2.o(.ARM.Collect$$libshutdown$$00000004)
    __rt_lib_shutdown_user_alloc_1           0x0800025d   Thumb Code     0  libshutdown2.o(.ARM.Collect$$libshutdown$$0000000C)
    __rt_entry                               0x0800025f   Thumb Code     0  __rtentry.o(.ARM.Collect$$rtentry$$00000000)
    __rt_entry_presh_1                       0x0800025f   Thumb Code     0  __rtentry2.o(.ARM.Collect$$rtentry$$00000002)
    __rt_entry_sh                            0x0800025f   Thumb Code     0  __rtentry4.o(.ARM.Collect$$rtentry$$00000004)
    __rt_entry_li                            0x08000265   Thumb Code     0  __rtentry2.o(.ARM.Collect$$rtentry$$0000000A)
    __rt_entry_postsh_1                      0x08000265   Thumb Code     0  __rtentry2.o(.ARM.Collect$$rtentry$$00000009)
    __rt_entry_main                          0x08000269   Thumb Code     0  __rtentry2.o(.ARM.Collect$$rtentry$$0000000D)
    __rt_entry_postli_1                      0x08000269   Thumb Code     0  __rtentry2.o(.ARM.Collect$$rtentry$$0000000C)
    __rt_exit                                0x08000271   Thumb Code     0  rtexit.o(.ARM.Collect$$rtexit$$00000000)
    __rt_exit_ls                             0x08000273   Thumb Code     0  rtexit2.o(.ARM.Collect$$rtexit$$00000003)
    __rt_exit_prels_1                        0x08000273   Thumb Code     0  rtexit2.o(.ARM.Collect$$rtexit$$00000002)
    __rt_exit_exit                           0x08000277   Thumb Code     0  rtexit2.o(.ARM.Collect$$rtexit$$00000004)
    Reset_Handler                            0x0800027d   Thumb Code     8  startup_stm32f407xx.o(.text)
    NMI_Handler                              0x08000285   Thumb Code     2  startup_stm32f407xx.o(.text)
    HardFault_Handler                        0x08000287   Thumb Code     2  startup_stm32f407xx.o(.text)
    MemManage_Handler                        0x08000289   Thumb Code     2  startup_stm32f407xx.o(.text)
    BusFault_Handler                         0x0800028b   Thumb Code     2  startup_stm32f407xx.o(.text)
    UsageFault_Handler                       0x0800028d   Thumb Code     2  startup_stm32f407xx.o(.text)
    SVC_Handler                              0x0800028f   Thumb Code     2  startup_stm32f407xx.o(.text)
    DebugMon_Handler                         0x08000291   Thumb Code     2  startup_stm32f407xx.o(.text)
    PendSV_Handler                           0x08000293   Thumb Code     2  startup_stm32f407xx.o(.text)
    ADC_IRQHandler                           0x08000297   Thumb Code     0  startup_stm32f407xx.o(.text)
    CAN1_RX0_IRQHandler                      0x08000297   Thumb Code     0  startup_stm32f407xx.o(.text)
    CAN1_RX1_IRQHandler                      0x08000297   Thumb Code     0  startup_stm32f407xx.o(.text)
    CAN1_SCE_IRQHandler                      0x08000297   Thumb Code     0  startup_stm32f407xx.o(.text)
    CAN1_TX_IRQHandler                       0x08000297   Thumb Code     0  startup_stm32f407xx.o(.text)
    CAN2_RX0_IRQHandler                      0x08000297   Thumb Code     0  startup_stm32f407xx.o(.text)
    CAN2_RX1_IRQHandler                      0x08000297   Thumb Code     0  startup_stm32f407xx.o(.text)
    CAN2_SCE_IRQHandler                      0x08000297   Thumb Code     0  startup_stm32f407xx.o(.text)
    CAN2_TX_IRQHandler                       0x08000297   Thumb Code     0  startup_stm32f407xx.o(.text)
    DCMI_IRQHandler                          0x08000297   Thumb Code     0  startup_stm32f407xx.o(.text)
    DMA1_Stream0_IRQHandler                  0x08000297   Thumb Code     0  startup_stm32f407xx.o(.text)
    DMA1_Stream1_IRQHandler                  0x08000297   Thumb Code     0  startup_stm32f407xx.o(.text)
    DMA1_Stream2_IRQHandler                  0x08000297   Thumb Code     0  startup_stm32f407xx.o(.text)
    DMA1_Stream3_IRQHandler                  0x08000297   Thumb Code     0  startup_stm32f407xx.o(.text)
    DMA1_Stream4_IRQHandler                  0x08000297   Thumb Code     0  startup_stm32f407xx.o(.text)
    DMA1_Stream5_IRQHandler                  0x08000297   Thumb Code     0  startup_stm32f407xx.o(.text)
    DMA1_Stream6_IRQHandler                  0x08000297   Thumb Code     0  startup_stm32f407xx.o(.text)
    DMA1_Stream7_IRQHandler                  0x08000297   Thumb Code     0  startup_stm32f407xx.o(.text)
    DMA2_Stream0_IRQHandler                  0x08000297   Thumb Code     0  startup_stm32f407xx.o(.text)
    DMA2_Stream1_IRQHandler                  0x08000297   Thumb Code     0  startup_stm32f407xx.o(.text)
    DMA2_Stream2_IRQHandler                  0x08000297   Thumb Code     0  startup_stm32f407xx.o(.text)
    DMA2_Stream3_IRQHandler                  0x08000297   Thumb Code     0  startup_stm32f407xx.o(.text)
    DMA2_Stream4_IRQHandler                  0x08000297   Thumb Code     0  startup_stm32f407xx.o(.text)
    DMA2_Stream5_IRQHandler                  0x08000297   Thumb Code     0  startup_stm32f407xx.o(.text)
    DMA2_Stream6_IRQHandler                  0x08000297   Thumb Code     0  startup_stm32f407xx.o(.text)
    DMA2_Stream7_IRQHandler                  0x08000297   Thumb Code     0  startup_stm32f407xx.o(.text)
    ETH_IRQHandler                           0x08000297   Thumb Code     0  startup_stm32f407xx.o(.text)
    ETH_WKUP_IRQHandler                      0x08000297   Thumb Code     0  startup_stm32f407xx.o(.text)
    FLASH_IRQHandler                         0x08000297   Thumb Code     0  startup_stm32f407xx.o(.text)
    FMC_IRQHandler                           0x08000297   Thumb Code     0  startup_stm32f407xx.o(.text)
    FPU_IRQHandler                           0x08000297   Thumb Code     0  startup_stm32f407xx.o(.text)
    HASH_RNG_IRQHandler                      0x08000297   Thumb Code     0  startup_stm32f407xx.o(.text)
    I2C1_ER_IRQHandler                       0x08000297   Thumb Code     0  startup_stm32f407xx.o(.text)
    I2C1_EV_IRQHandler                       0x08000297   Thumb Code     0  startup_stm32f407xx.o(.text)
    I2C2_ER_IRQHandler                       0x08000297   Thumb Code     0  startup_stm32f407xx.o(.text)
    I2C2_EV_IRQHandler                       0x08000297   Thumb Code     0  startup_stm32f407xx.o(.text)
    I2C3_ER_IRQHandler                       0x08000297   Thumb Code     0  startup_stm32f407xx.o(.text)
    I2C3_EV_IRQHandler                       0x08000297   Thumb Code     0  startup_stm32f407xx.o(.text)
    OTG_FS_IRQHandler                        0x08000297   Thumb Code     0  startup_stm32f407xx.o(.text)
    OTG_FS_WKUP_IRQHandler                   0x08000297   Thumb Code     0  startup_stm32f407xx.o(.text)
    OTG_HS_EP1_IN_IRQHandler                 0x08000297   Thumb Code     0  startup_stm32f407xx.o(.text)
    OTG_HS_EP1_OUT_IRQHandler                0x08000297   Thumb Code     0  startup_stm32f407xx.o(.text)
    OTG_HS_IRQHandler                        0x08000297   Thumb Code     0  startup_stm32f407xx.o(.text)
    OTG_HS_WKUP_IRQHandler                   0x08000297   Thumb Code     0  startup_stm32f407xx.o(.text)
    PVD_IRQHandler                           0x08000297   Thumb Code     0  startup_stm32f407xx.o(.text)
    RCC_IRQHandler                           0x08000297   Thumb Code     0  startup_stm32f407xx.o(.text)
    RTC_Alarm_IRQHandler                     0x08000297   Thumb Code     0  startup_stm32f407xx.o(.text)
    RTC_WKUP_IRQHandler                      0x08000297   Thumb Code     0  startup_stm32f407xx.o(.text)
    SDIO_IRQHandler                          0x08000297   Thumb Code     0  startup_stm32f407xx.o(.text)
    SPI1_IRQHandler                          0x08000297   Thumb Code     0  startup_stm32f407xx.o(.text)
    SPI2_IRQHandler                          0x08000297   Thumb Code     0  startup_stm32f407xx.o(.text)
    SPI3_IRQHandler                          0x08000297   Thumb Code     0  startup_stm32f407xx.o(.text)
    TAMP_STAMP_IRQHandler                    0x08000297   Thumb Code     0  startup_stm32f407xx.o(.text)
    TIM1_BRK_TIM9_IRQHandler                 0x08000297   Thumb Code     0  startup_stm32f407xx.o(.text)
    TIM1_TRG_COM_TIM11_IRQHandler            0x08000297   Thumb Code     0  startup_stm32f407xx.o(.text)
    TIM1_UP_TIM10_IRQHandler                 0x08000297   Thumb Code     0  startup_stm32f407xx.o(.text)
    TIM5_IRQHandler                          0x08000297   Thumb Code     0  startup_stm32f407xx.o(.text)
    TIM6_DAC_IRQHandler                      0x08000297   Thumb Code     0  startup_stm32f407xx.o(.text)
    TIM7_IRQHandler                          0x08000297   Thumb Code     0  startup_stm32f407xx.o(.text)
    TIM8_BRK_TIM12_IRQHandler                0x08000297   Thumb Code     0  startup_stm32f407xx.o(.text)
    TIM8_CC_IRQHandler                       0x08000297   Thumb Code     0  startup_stm32f407xx.o(.text)
    TIM8_TRG_COM_TIM14_IRQHandler            0x08000297   Thumb Code     0  startup_stm32f407xx.o(.text)
    TIM8_UP_TIM13_IRQHandler                 0x08000297   Thumb Code     0  startup_stm32f407xx.o(.text)
    UART4_IRQHandler                         0x08000297   Thumb Code     0  startup_stm32f407xx.o(.text)
    UART5_IRQHandler                         0x08000297   Thumb Code     0  startup_stm32f407xx.o(.text)
    USART2_IRQHandler                        0x08000297   Thumb Code     0  startup_stm32f407xx.o(.text)
    WWDG_IRQHandler                          0x08000297   Thumb Code     0  startup_stm32f407xx.o(.text)
    __user_initial_stackheap                 0x08000299   Thumb Code     0  startup_stm32f407xx.o(.text)
    __2printf                                0x080002bd   Thumb Code    20  noretval__2printf.o(.text)
    __printf                                 0x080002d5   Thumb Code   104  __printf.o(.text)
    _printf_str                              0x0800033d   Thumb Code    82  _printf_str.o(.text)
    _printf_int_dec                          0x08000391   Thumb Code   104  _printf_dec.o(.text)
    strchr                                   0x08000409   Thumb Code    20  strchr.o(.text)
    __aeabi_memcpy4                          0x0800041d   Thumb Code     0  rt_memcpy_w.o(.text)
    __aeabi_memcpy8                          0x0800041d   Thumb Code     0  rt_memcpy_w.o(.text)
    __rt_memcpy_w                            0x0800041d   Thumb Code   100  rt_memcpy_w.o(.text)
    _memcpy_lastbytes_aligned                0x08000465   Thumb Code     0  rt_memcpy_w.o(.text)
    __aeabi_memset                           0x08000481   Thumb Code    16  aeabi_memset.o(.text)
    __aeabi_memclr                           0x08000491   Thumb Code     0  rt_memclr.o(.text)
    __rt_memclr                              0x08000491   Thumb Code    68  rt_memclr.o(.text)
    _memset                                  0x08000495   Thumb Code     0  rt_memclr.o(.text)
    __aeabi_memclr4                          0x080004d5   Thumb Code     0  rt_memclr_w.o(.text)
    __aeabi_memclr8                          0x080004d5   Thumb Code     0  rt_memclr_w.o(.text)
    __rt_memclr_w                            0x080004d5   Thumb Code    78  rt_memclr_w.o(.text)
    _memset_w                                0x080004d9   Thumb Code     0  rt_memclr_w.o(.text)
    __use_two_region_memory                  0x08000523   Thumb Code     2  heapauxi.o(.text)
    __rt_heap_escrow$2region                 0x08000525   Thumb Code     2  heapauxi.o(.text)
    __rt_heap_expand$2region                 0x08000527   Thumb Code     2  heapauxi.o(.text)
    _printf_int_common                       0x08000529   Thumb Code   178  _printf_intcommon.o(.text)
    _printf_cs_common                        0x080005db   Thumb Code    20  _printf_char.o(.text)
    _printf_char                             0x080005ef   Thumb Code    16  _printf_char.o(.text)
    _printf_string                           0x080005ff   Thumb Code     8  _printf_char.o(.text)
    _printf_char_file                        0x08000609   Thumb Code    32  _printf_char_file.o(.text)
    _printf_char_common                      0x08000637   Thumb Code    32  _printf_char_common.o(.text)
    ferror                                   0x0800065d   Thumb Code     8  ferror.o(.text)
    __user_libspace                          0x08000665   Thumb Code     8  libspace.o(.text)
    __user_perproc_libspace                  0x08000665   Thumb Code     0  libspace.o(.text)
    __user_perthread_libspace                0x08000665   Thumb Code     0  libspace.o(.text)
    __user_setup_stackheap                   0x0800066d   Thumb Code    74  sys_stackheap_outer.o(.text)
    exit                                     0x080006b7   Thumb Code    18  exit.o(.text)
    __I$use$semihosting                      0x080006c9   Thumb Code     0  use_no_semi.o(.text)
    __use_no_semihosting_swi                 0x080006c9   Thumb Code     2  use_no_semi.o(.text)
    __semihosting_library_function           0x080006cb   Thumb Code     0  indicate_semi.o(.text)
    _sys_exit                                0x080006cd   Thumb Code     8  sys_exit.o(.text)
    CheckEEPROMContainsValidData             0x080006d9   Thumb Code     4  config.o(i.CheckEEPROMContainsValidData)
    CreateDefaultConfig                      0x080006dd   Thumb Code   438  config.o(i.CreateDefaultConfig)
    DMA_Cmd                                  0x080008a5   Thumb Code    20  stm32f4xx_dma.o(i.DMA_Cmd)
    DMA_DeInit                               0x080008b9   Thumb Code   272  stm32f4xx_dma.o(i.DMA_DeInit)
    DMA_GetCurrDataCounter                   0x080009dd   Thumb Code     6  stm32f4xx_dma.o(i.DMA_GetCurrDataCounter)
    DMA_ITConfig                             0x080009e3   Thumb Code    44  stm32f4xx_dma.o(i.DMA_ITConfig)
    DMA_Init                                 0x08000a11   Thumb Code    80  stm32f4xx_dma.o(i.DMA_Init)
    DMA_MemoryTargetConfig                   0x08000a65   Thumb Code    10  stm32f4xx_dma.o(i.DMA_MemoryTargetConfig)
    DMA_SetCurrDataCounter                   0x08000a6f   Thumb Code     4  stm32f4xx_dma.o(i.DMA_SetCurrDataCounter)
    DMA_StructInit                           0x08000a73   Thumb Code    34  stm32f4xx_dma.o(i.DMA_StructInit)
    EXTI0_IRQHandler                         0x08000a95   Thumb Code     4  exti.o(i.EXTI0_IRQHandler)
    EXTI15_10_IRQHandler                     0x08000a99   Thumb Code     4  exti.o(i.EXTI15_10_IRQHandler)
    EXTI1_IRQHandler                         0x08000a9d   Thumb Code     4  exti.o(i.EXTI1_IRQHandler)
    EXTI2_IRQHandler                         0x08000aa1   Thumb Code     4  exti.o(i.EXTI2_IRQHandler)
    EXTI3_IRQHandler                         0x08000aa5   Thumb Code     4  exti.o(i.EXTI3_IRQHandler)
    EXTI4_IRQHandler                         0x08000aa9   Thumb Code     4  exti.o(i.EXTI4_IRQHandler)
    EXTI9_5_IRQHandler                       0x08000aad   Thumb Code     4  exti.o(i.EXTI9_5_IRQHandler)
    EXTIInit                                 0x08000ab1   Thumb Code    32  exti.o(i.EXTIInit)
    EXTI_IRQHandler                          0x08000ad9   Thumb Code    56  exti.o(i.EXTI_IRQHandler)
    EnableGPIOClk                            0x08000b19   Thumb Code   110  main.o(i.EnableGPIOClk)
    GPIO_Init                                0x08000bad   Thumb Code   162  stm32f4xx_gpio.o(i.GPIO_Init)
    GPIO_PinAFConfig                         0x08000c4f   Thumb Code    32  stm32f4xx_gpio.o(i.GPIO_PinAFConfig)
    GPIO_StructInit                          0x08000c6f   Thumb Code    18  stm32f4xx_gpio.o(i.GPIO_StructInit)
    IOConfigGPIO                             0x08000c81   Thumb Code    68  io.o(i.IOConfigGPIO)
    IOConfigGPIOAF                           0x08000cc9   Thumb Code    86  io.o(i.IOConfigGPIOAF)
    IOGetByTag                               0x08000d25   Thumb Code    98  io.o(i.IOGetByTag)
    IOGlobalInit                             0x08000d91   Thumb Code    52  io.o(i.IOGlobalInit)
    IOHi                                     0x08000dd1   Thumb Code    12  io.o(i.IOHi)
    IOInit                                   0x08000ddd   Thumb Code     6  io.o(i.IOInit)
    IOWrite                                  0x08000de3   Thumb Code    18  io.o(i.IOWrite)
    IO_GPIOPinIdx                            0x08000df5   Thumb Code    20  io.o(i.IO_GPIOPinIdx)
    IO_GPIOPortIdx                           0x08000e09   Thumb Code    18  io.o(i.IO_GPIOPortIdx)
    IO_GPIO_PinSource                        0x08000e21   Thumb Code     4  io.o(i.IO_GPIO_PinSource)
    LedInit                                  0x08000e25   Thumb Code   128  led.o(i.LedInit)
    LedSet                                   0x08000ead   Thumb Code    32  led.o(i.LedSet)
    NVIC_Init                                0x08000ed5   Thumb Code    96  misc.o(i.NVIC_Init)
    NVIC_PriorityGroupConfig                 0x08000f39   Thumb Code    10  misc.o(i.NVIC_PriorityGroupConfig)
    RCC_AHB1PeriphClockCmd                   0x08000f4d   Thumb Code    18  stm32f4xx_rcc.o(i.RCC_AHB1PeriphClockCmd)
    RCC_AHB1PeriphResetCmd                   0x08000f65   Thumb Code    18  stm32f4xx_rcc.o(i.RCC_AHB1PeriphResetCmd)
    RCC_AHB2PeriphClockCmd                   0x08000f7d   Thumb Code    18  stm32f4xx_rcc.o(i.RCC_AHB2PeriphClockCmd)
    RCC_APB1PeriphClockCmd                   0x08000f95   Thumb Code    18  stm32f4xx_rcc.o(i.RCC_APB1PeriphClockCmd)
    RCC_APB1PeriphResetCmd                   0x08000fad   Thumb Code    18  stm32f4xx_rcc.o(i.RCC_APB1PeriphResetCmd)
    RCC_APB2PeriphClockCmd                   0x08000fc5   Thumb Code    18  stm32f4xx_rcc.o(i.RCC_APB2PeriphClockCmd)
    RCC_APB2PeriphResetCmd                   0x08000fdd   Thumb Code    18  stm32f4xx_rcc.o(i.RCC_APB2PeriphResetCmd)
    RCC_ClearFlag                            0x08000ff5   Thumb Code    12  stm32f4xx_rcc.o(i.RCC_ClearFlag)
    RCC_ClockCmd                             0x08001005   Thumb Code    36  rcc.o(i.RCC_ClockCmd)
    RCC_GetClocksFreq                        0x08001029   Thumb Code   132  stm32f4xx_rcc.o(i.RCC_GetClocksFreq)
    RCC_ResetCmd                             0x080010b9   Thumb Code    36  rcc.o(i.RCC_ResetCmd)
    ResetEEPROM                              0x080010dd   Thumb Code    18  config.o(i.ResetEEPROM)
    ResetLedStatusConfig                     0x080010f5   Thumb Code    32  config.o(i.ResetLedStatusConfig)
    ResetLedTimerConfig                      0x08001115   Thumb Code    40  config.o(i.ResetLedTimerConfig)
    ResetMotorConfig                         0x08001141   Thumb Code    70  config.o(i.ResetMotorConfig)
    ResetSerialConfig                        0x0800118d   Thumb Code    54  config.o(i.ResetSerialConfig)
    ResetSerialPinConfig                     0x080011c9   Thumb Code    94  config.o(i.ResetSerialPinConfig)
    SPI_Cmd                                  0x0800122d   Thumb Code    20  stm32f4xx_spi.o(i.SPI_Cmd)
    SPI_I2S_DeInit                           0x08001241   Thumb Code   108  stm32f4xx_spi.o(i.SPI_I2S_DeInit)
    SPI_Init                                 0x080012c5   Thumb Code    56  stm32f4xx_spi.o(i.SPI_Init)
    SetSysClock                              0x080012fd   Thumb Code   162  system_stm32f4xx.o(i.SetSysClock)
    SysTick_Handler                          0x080013b1   Thumb Code    30  system.o(i.SysTick_Handler)
    SysTick_Init                             0x080013d5   Thumb Code    24  system.o(i.SysTick_Init)
    SystemInit                               0x080013f9   Thumb Code    74  system_stm32f4xx.o(i.SystemInit)
    TIM1_CC_IRQHandler                       0x08001455   Thumb Code     8  timer.o(i.TIM1_CC_IRQHandler)
    TIM2_IRQHandler                          0x08001465   Thumb Code    10  timer.o(i.TIM2_IRQHandler)
    TIM3_IRQHandler                          0x08001475   Thumb Code     8  timer.o(i.TIM3_IRQHandler)
    TIM4_IRQHandler                          0x08001485   Thumb Code     8  timer.o(i.TIM4_IRQHandler)
    TIM_Cmd                                  0x08001495   Thumb Code    20  stm32f4xx_tim.o(i.TIM_Cmd)
    TIM_CtrlPWMOutputs                       0x080014a9   Thumb Code    22  stm32f4xx_tim.o(i.TIM_CtrlPWMOutputs)
    TIM_OC1Init                              0x080014c1   Thumb Code    88  stm32f4xx_tim.o(i.TIM_OC1Init)
    TIM_OC1PreloadConfig                     0x08001521   Thumb Code    12  stm32f4xx_tim.o(i.TIM_OC1PreloadConfig)
    TIM_OC2Init                              0x0800152d   Thumb Code   120  stm32f4xx_tim.o(i.TIM_OC2Init)
    TIM_OC2PreloadConfig                     0x080015ad   Thumb Code    20  stm32f4xx_tim.o(i.TIM_OC2PreloadConfig)
    TIM_OC3Init                              0x080015c1   Thumb Code   116  stm32f4xx_tim.o(i.TIM_OC3Init)
    TIM_OC3PreloadConfig                     0x0800163d   Thumb Code    12  stm32f4xx_tim.o(i.TIM_OC3PreloadConfig)
    TIM_OC4Init                              0x08001649   Thumb Code    88  stm32f4xx_tim.o(i.TIM_OC4Init)
    TIM_OC4PreloadConfig                     0x080016a9   Thumb Code    20  stm32f4xx_tim.o(i.TIM_OC4PreloadConfig)
    TIM_OCStructInit                         0x080016bd   Thumb Code    20  stm32f4xx_tim.o(i.TIM_OCStructInit)
    TIM_TimeBaseInit                         0x080016d1   Thumb Code    96  stm32f4xx_tim.o(i.TIM_TimeBaseInit)
    TIM_TimeBaseStructInit                   0x0800174d   Thumb Code    18  stm32f4xx_tim.o(i.TIM_TimeBaseStructInit)
    USART1_IRQHandler                        0x08001761   Thumb Code    10  serial_uart_stm32f4xx.o(i.USART1_IRQHandler)
    USART3_IRQHandler                        0x08001771   Thumb Code    10  serial_uart_stm32f4xx.o(i.USART3_IRQHandler)
    USART6_IRQHandler                        0x08001781   Thumb Code    10  serial_uart_stm32f4xx.o(i.USART6_IRQHandler)
    USART_ClearITPendingBit                  0x08001791   Thumb Code    12  stm32f4xx_usart.o(i.USART_ClearITPendingBit)
    USART_Cmd                                0x0800179d   Thumb Code    20  stm32f4xx_usart.o(i.USART_Cmd)
    USART_DMACmd                             0x080017b1   Thumb Code    16  stm32f4xx_usart.o(i.USART_DMACmd)
    USART_GetITStatus                        0x080017c1   Thumb Code    62  stm32f4xx_usart.o(i.USART_GetITStatus)
    USART_HalfDuplexCmd                      0x080017ff   Thumb Code    20  stm32f4xx_usart.o(i.USART_HalfDuplexCmd)
    USART_ITConfig                           0x08001813   Thumb Code    48  stm32f4xx_usart.o(i.USART_ITConfig)
    USART_Init                               0x08001845   Thumb Code   164  stm32f4xx_usart.o(i.USART_Init)
    USART_SendData                           0x080018f1   Thumb Code     8  stm32f4xx_usart.o(i.USART_SendData)
    activateConfig                           0x080018f9   Thumb Code    38  config.o(i.activateConfig)
    calculateRxChannelsAndUpdateFailsafe     0x0800198d   Thumb Code    48  rx.o(i.calculateRxChannelsAndUpdateFailsafe)
    configTimeBaseMhz                        0x080019c1   Thumb Code    68  timer.o(i.configTimeBaseMhz)
    delay                                    0x08001a1d   Thumb Code    22  system.o(i.delay)
    delayMicroseconds                        0x08001a35   Thumb Code    24  system.o(i.delayMicroseconds)
    feature                                  0x08001b5d   Thumb Code    16  feature.o(i.feature)
    featureClear                             0x08001b71   Thumb Code    10  feature.o(i.featureClear)
    featureConfigured                        0x08001b81   Thumb Code    16  feature.o(i.featureConfigured)
    featureSet                               0x08001b95   Thumb Code    10  feature.o(i.featureSet)
    findNextSerialPortConfig                 0x08001ba5   Thumb Code    36  serial.o(i.findNextSerialPortConfig)
    findSerialPortConfig                     0x08001bcd   Thumb Code    10  serial.o(i.findSerialPortConfig)
    findSerialPortIndexByIdentifier          0x08001bdd   Thumb Code    24  serial.o(i.findSerialPortIndexByIdentifier)
    findSerialPortUsageByIdentifier          0x08001bf9   Thumb Code    36  serial.o(i.findSerialPortUsageByIdentifier)
    fputc                                    0x08001c21   Thumb Code    14  main.o(i.fputc)
    generateThrottleCurve                    0x08001c31   Thumb Code   116  fc_rc.o(i.generateThrottleCurve)
    getMotorCount                            0x08001cad   Thumb Code     6  mixer.o(i.getMotorCount)
    initEscEndpoints                         0x08001ce5   Thumb Code    38  mixer.o(i.initEscEndpoints)
    intFeatureClearAll                       0x08001d11   Thumb Code     6  feature.o(i.intFeatureClearAll)
    intFeatureSet                            0x08001d17   Thumb Code     8  feature.o(i.intFeatureSet)
    isModeActivationConditionPresent         0x08001d1f   Thumb Code    38  rc_controls.o(i.isModeActivationConditionPresent)
    isUartTransmitBufferEmpty                0x08001d45   Thumb Code    26  serial_uart.o(i.isUartTransmitBufferEmpty)
    latchActiveFeatures                      0x08001d61   Thumb Code    10  feature.o(i.latchActiveFeatures)
    ledTimerMhzInit                          0x08001d75   Thumb Code   120  pwm_output.o(i.ledTimerMhzInit)
    main                                     0x08001e41   Thumb Code   180  main.o(i.main)
    micros                                   0x08001f0d   Thumb Code    74  system.o(i.micros)
    microsISR                                0x08001f61   Thumb Code    72  system.o(i.microsISR)
    millis                                   0x08001fad   Thumb Code     6  system.o(i.millis)
    mixTable                                 0x08001fb9   Thumb Code    28  mixer.o(i.mixTable)
    mixerConfigurationOutput                 0x08001fe1   Thumb Code    44  mixer.o(i.mixerConfigurationOutput)
    mixerInit                                0x08002019   Thumb Code    10  mixer.o(i.mixerInit)
    mixerResetDisarmedMotors                 0x08002029   Thumb Code    24  mixer.o(i.mixerResetDisarmedMotors)
    mixerUseConfigs                          0x08002049   Thumb Code     8  mixer.o(i.mixerUseConfigs)
    motorInit                                0x08002055   Thumb Code   272  pwm_output.o(i.motorInit)
    openSerialPort                           0x080021b5   Thumb Code    94  serial.o(i.openSerialPort)
    parseRcChannels                          0x08002221   Thumb Code    50  rx.o(i.parseRcChannels)
    processRx                                0x08002259   Thumb Code     4  fc_core.o(i.processRx)
    pwmAreMotorsEnabled                      0x0800225d   Thumb Code     6  pwm_output.o(i.pwmAreMotorsEnabled)
    pwmCompleteMotorUpdate                   0x08002269   Thumb Code     6  pwm_output.o(i.pwmCompleteMotorUpdate)
    pwmWriteMotor                            0x08002351   Thumb Code     6  pwm_output.o(i.pwmWriteMotor)
    readEEPROM                               0x08002375   Thumb Code    24  config_eeprom.o(i.readEEPROM)
    resetAllRxChannelRangeConfigurations     0x08002409   Thumb Code    24  rx.o(i.resetAllRxChannelRangeConfigurations)
    resetProfile                             0x080024e5   Thumb Code    92  config.o(i.resetProfile)
    resetRcControlsConfig                    0x08002541   Thumb Code    16  config.o(i.resetRcControlsConfig)
    rxInit                                   0x08002551   Thumb Code   180  rx.o(i.rxInit)
    rxSerial3TestInit                        0x08002629   Thumb Code    40  rxserial3test.o(i.rxSerial3TestInit)
    rxSerial3TestWrite                       0x08002655   Thumb Code    10  rxserial3test.o(i.rxSerial3TestWrite)
    rxUpdateCheck                            0x08002665   Thumb Code    76  rx.o(i.rxUpdateCheck)
    sbusInit                                 0x080027e1   Thumb Code   104  sbus.o(i.sbusInit)
    scaleRange                               0x08002879   Thumb Code    24  maths.o(i.scaleRange)
    serialInit                               0x08002891   Thumb Code    38  serial.o(i.serialInit)
    serialRxInit                             0x080028c5   Thumb Code    18  rx.o(i.serialRxInit)
    serialUART                               0x080028d9   Thumb Code   264  serial_uart_stm32f4xx.o(i.serialUART)
    serialUART1                              0x080029e9   Thumb Code    12  serial_uart_stm32f4xx.o(i.serialUART1)
    serialUART3                              0x080029f5   Thumb Code    12  serial_uart_stm32f4xx.o(i.serialUART3)
    serialUART6                              0x08002a01   Thumb Code    12  serial_uart_stm32f4xx.o(i.serialUART6)
    serialWrite                              0x08002a0d   Thumb Code     6  serial.o(i.serialWrite)
    setProfile                               0x08002a15   Thumb Code    42  config.o(i.setProfile)
    spiInit                                  0x08002a49   Thumb Code    26  bus_spi.o(i.spiInit)
    spiInitDevice                            0x08002a65   Thumb Code   258  bus_spi.o(i.spiInitDevice)
    systemInit                               0x08002b7d   Thumb Code    70  main.o(i.systemInit)
    targetConfiguration                      0x08002bcd   Thumb Code    54  config.o(i.targetConfiguration)
    taskMainPidLoop                          0x08002c05   Thumb Code    58  fc_core.o(i.taskMainPidLoop)
    taskUpdateRxMain                         0x08002c4d   Thumb Code    20  fc_tasks.o(i.taskUpdateRxMain)
    timerChCCR                               0x08002cdf   Thumb Code    10  timer.o(i.timerChCCR)
    timerClockDivisor                        0x08002ce9   Thumb Code    38  timer_stm32f4xx.o(i.timerClockDivisor)
    timerForceOverflow                       0x08002d25   Thumb Code    46  timer.o(i.timerForceOverflow)
    timerGetByTag                            0x08002d59   Thumb Code    54  timer.o(i.timerGetByTag)
    timerInit                                0x08002d95   Thumb Code   120  timer.o(i.timerInit)
    timerOCInit                              0x08002e19   Thumb Code    40  timer.o(i.timerOCInit)
    timerOCPreloadConfig                     0x08002e41   Thumb Code    40  timer.o(i.timerOCPreloadConfig)
    timerRCC                                 0x08002e69   Thumb Code    30  timer.o(i.timerRCC)
    uartIrqHandler                           0x08002e8d   Thumb Code   150  serial_uart_stm32f4xx.o(i.uartIrqHandler)
    uartOpen                                 0x08002f25   Thumb Code   360  serial_uart.o(i.uartOpen)
    uartRead                                 0x08003099   Thumb Code    44  serial_uart.o(i.uartRead)
    uartSetBaudRate                          0x08003151   Thumb Code     6  serial_uart.o(i.uartSetBaudRate)
    uartSetMode                              0x08003157   Thumb Code     6  serial_uart.o(i.uartSetMode)
    uartStartTxDMA                           0x0800315d   Thumb Code    74  serial_uart.o(i.uartStartTxDMA)
    uartTotalRxBytesWaiting                  0x080031a7   Thumb Code    24  serial_uart.o(i.uartTotalRxBytesWaiting)
    uartTotalTxBytesFree                     0x080031bf   Thumb Code    38  serial_uart.o(i.uartTotalTxBytesFree)
    uartWrite                                0x080031e5   Thumb Code    48  serial_uart.o(i.uartWrite)
    updateRcCommands                         0x08003215   Thumb Code   274  fc_rc.o(i.updateRcCommands)
    useRcControlsConfig                      0x08003345   Thumb Code    22  rc_controls.o(i.useRcControlsConfig)
    validateAndFixConfig                     0x08003361   Thumb Code    64  config.o(i.validateAndFixConfig)
    validateAndFixGyroConfig                 0x080033a1   Thumb Code    38  config.o(i.validateAndFixGyroConfig)
    writeMotors                              0x080033cd   Thumb Code   114  mixer.o(i.writeMotors)
    _fp_init                                 0x080034cd   Thumb Code    10  fpinit.o(x$fpl$fpinit)
    __fplib_config_fpu_vfp                   0x080034d5   Thumb Code     0  fpinit.o(x$fpl$fpinit)
    __fplib_config_pureend_doubles           0x080034d5   Thumb Code     0  fpinit.o(x$fpl$fpinit)
    timerHardware                            0x080034d8   Data         168  target.o(.constdata)
    ioPortDefs                               0x0800359f   Data           6  io.o(.constdata)
    serialPortIdentifiers                    0x080035ba   Data           3  serial.o(.constdata)
    uartVTable                               0x080035c0   Data          40  serial_uart.o(.constdata)
    timerDefinitions                         0x080035e8   Data         112  timer_stm32f4xx.o(.constdata)
    rcChannelLetters                         0x0800369f   Data          21  rx.o(.constdata)
    Region$$Table$$Base                      0x080036b4   Number         0  anon$$obj.o(Region$$Table)
    Region$$Table$$Limit                     0x080036d4   Number         0  anon$$obj.o(Region$$Table)
    systemState                              0x20000010   Data           1  main.o(.data)
    __stdout                                 0x20000014   Data           4  main.o(.data)
    SystemCoreClock                          0x20000018   Data           4  system_stm32f4xx.o(.data)
    AHBPrescTable                            0x2000001c   Data          16  system_stm32f4xx.o(.data)
    sysTickUptime                            0x20000030   Data           4  system.o(.data)
    pwmMotorsEnabled                         0x20000050   Data           1  pwm_output.o(.data)
    timerInfo                                0x20000df4   Data           6  timer.o(.data)
    currentProfile                           0x20000e00   Data           4  config.o(.data)
    currentControlRateProfile                0x20000e04   Data           4  config.o(.data)
    motorControlEnable                       0x20000e08   Data           1  fc_core.o(.data)
    isRXDataNew                              0x20000e10   Data           1  fc_core.o(.data)
    rcCommand                                0x20000e20   Data           8  rc_controls.o(.data)
    currentMixerMode                         0x20000e2d   Data           1  mixer.o(.data)
    motorOutputHigh                          0x20000e30   Data           2  mixer.o(.data)
    motorOutputLow                           0x20000e32   Data           2  mixer.o(.data)
    rxConfig                                 0x20000e40   Data           4  mixer.o(.data)
    debug                                    0x20000e74   Data           8  debug.o(.data)
    debugMode                                0x20000e7c   Data           1  debug.o(.data)
    clocks                                   0x20000e80   Data          16  system.o(.bss)
    extiChannelRecs                          0x20000e90   Data          64  exti.o(.bss)
    ioRecs                                   0x20000ed0   Data         640  io.o(.bss)
    timerConfig                              0x200012c4   Data         240  timer.o(.bss)
    timerChannelInfo                         0x200013b4   Data          14  timer.o(.bss)
    masterConfig                             0x200013c4   Data         868  config.o(.bss)
    motor                                    0x20001740   Data          24  mixer.o(.bss)
    motor_disarmed                           0x20001758   Data          24  mixer.o(.bss)
    rxRuntimeConfig                          0x20001870   Data          12  rx.o(.bss)
    rcRaw                                    0x2000187c   Data          36  rx.o(.bss)
    rcData                                   0x200018a0   Data          36  rx.o(.bss)
    rcInvalidPulsPeriod                      0x200018c4   Data          72  rx.o(.bss)
    __libspace_start                         0x20001970   Data          96  libspace.o(.bss)
    __temporary_stack_top$libspace           0x200019d0   Data           0  libspace.o(.bss)



==============================================================================

Memory Map of the image

  Image Entry point : 0x08000189

  Load Region LR_IROM1 (Base: 0x08000000, Size: 0x00004554, Max: 0x00100000, ABSOLUTE, COMPRESSED[0x00003758])

    Execution Region ER_IROM1 (Exec base: 0x08000000, Load base: 0x08000000, Size: 0x000036d4, Max: 0x00100000, ABSOLUTE)

    Exec Addr    Load Addr    Size         Type   Attr      Idx    E Section Name        Object

    0x08000000   0x08000000   0x00000188   Data   RO            3    RESET               startup_stm32f407xx.o
    0x08000188   0x08000188   0x00000008   Code   RO         5303  * !!!main             c_w.l(__main.o)
    0x08000190   0x08000190   0x00000034   Code   RO         5643    !!!scatter          c_w.l(__scatter.o)
    0x080001c4   0x080001c4   0x0000005a   Code   RO         5641    !!dczerorl2         c_w.l(__dczerorl2.o)
    0x0800021e   0x0800021e   0x00000002   PAD
    0x08000220   0x08000220   0x0000001c   Code   RO         5645    !!handler_zi        c_w.l(__scatter_zi.o)
    0x0800023c   0x0800023c   0x00000000   Code   RO         5285    .ARM.Collect$$_printf_percent$$00000000  c_w.l(_printf_percent.o)
    0x0800023c   0x0800023c   0x00000006   Code   RO         5282    .ARM.Collect$$_printf_percent$$00000009  c_w.l(_printf_d.o)
    0x08000242   0x08000242   0x00000006   Code   RO         5283    .ARM.Collect$$_printf_percent$$0000000A  c_w.l(_printf_u.o)
    0x08000248   0x08000248   0x00000006   Code   RO         5280    .ARM.Collect$$_printf_percent$$00000014  c_w.l(_printf_s.o)
    0x0800024e   0x0800024e   0x00000004   Code   RO         5402    .ARM.Collect$$_printf_percent$$00000017  c_w.l(_printf_percent_end.o)
    0x08000252   0x08000252   0x00000002   Code   RO         5567    .ARM.Collect$$libinit$$00000000  c_w.l(libinit.o)
    0x08000254   0x08000254   0x00000004   Code   RO         5403    .ARM.Collect$$libinit$$00000001  c_w.l(libinit2.o)
    0x08000258   0x08000258   0x00000000   Code   RO         5406    .ARM.Collect$$libinit$$00000004  c_w.l(libinit2.o)
    0x08000258   0x08000258   0x00000000   Code   RO         5409    .ARM.Collect$$libinit$$0000000A  c_w.l(libinit2.o)
    0x08000258   0x08000258   0x00000000   Code   RO         5411    .ARM.Collect$$libinit$$0000000C  c_w.l(libinit2.o)
    0x08000258   0x08000258   0x00000000   Code   RO         5413    .ARM.Collect$$libinit$$0000000E  c_w.l(libinit2.o)
    0x08000258   0x08000258   0x00000000   Code   RO         5416    .ARM.Collect$$libinit$$00000011  c_w.l(libinit2.o)
    0x08000258   0x08000258   0x00000000   Code   RO         5418    .ARM.Collect$$libinit$$00000013  c_w.l(libinit2.o)
    0x08000258   0x08000258   0x00000000   Code   RO         5420    .ARM.Collect$$libinit$$00000015  c_w.l(libinit2.o)
    0x08000258   0x08000258   0x00000000   Code   RO         5422    .ARM.Collect$$libinit$$00000017  c_w.l(libinit2.o)
    0x08000258   0x08000258   0x00000000   Code   RO         5424    .ARM.Collect$$libinit$$00000019  c_w.l(libinit2.o)
    0x08000258   0x08000258   0x00000000   Code   RO         5426    .ARM.Collect$$libinit$$0000001B  c_w.l(libinit2.o)
    0x08000258   0x08000258   0x00000000   Code   RO         5428    .ARM.Collect$$libinit$$0000001D  c_w.l(libinit2.o)
    0x08000258   0x08000258   0x00000000   Code   RO         5430    .ARM.Collect$$libinit$$0000001F  c_w.l(libinit2.o)
    0x08000258   0x08000258   0x00000000   Code   RO         5432    .ARM.Collect$$libinit$$00000021  c_w.l(libinit2.o)
    0x08000258   0x08000258   0x00000000   Code   RO         5434    .ARM.Collect$$libinit$$00000023  c_w.l(libinit2.o)
    0x08000258   0x08000258   0x00000000   Code   RO         5436    .ARM.Collect$$libinit$$00000025  c_w.l(libinit2.o)
    0x08000258   0x08000258   0x00000000   Code   RO         5440    .ARM.Collect$$libinit$$0000002C  c_w.l(libinit2.o)
    0x08000258   0x08000258   0x00000000   Code   RO         5442    .ARM.Collect$$libinit$$0000002E  c_w.l(libinit2.o)
    0x08000258   0x08000258   0x00000000   Code   RO         5444    .ARM.Collect$$libinit$$00000030  c_w.l(libinit2.o)
    0x08000258   0x08000258   0x00000000   Code   RO         5446    .ARM.Collect$$libinit$$00000032  c_w.l(libinit2.o)
    0x08000258   0x08000258   0x00000002   Code   RO         5447    .ARM.Collect$$libinit$$00000033  c_w.l(libinit2.o)
    0x0800025a   0x0800025a   0x00000002   Code   RO         5602    .ARM.Collect$$libshutdown$$00000000  c_w.l(libshutdown.o)
    0x0800025c   0x0800025c   0x00000000   Code   RO         5608    .ARM.Collect$$libshutdown$$00000002  c_w.l(libshutdown2.o)
    0x0800025c   0x0800025c   0x00000000   Code   RO         5610    .ARM.Collect$$libshutdown$$00000004  c_w.l(libshutdown2.o)
    0x0800025c   0x0800025c   0x00000000   Code   RO         5613    .ARM.Collect$$libshutdown$$00000007  c_w.l(libshutdown2.o)
    0x0800025c   0x0800025c   0x00000000   Code   RO         5616    .ARM.Collect$$libshutdown$$0000000A  c_w.l(libshutdown2.o)
    0x0800025c   0x0800025c   0x00000000   Code   RO         5618    .ARM.Collect$$libshutdown$$0000000C  c_w.l(libshutdown2.o)
    0x0800025c   0x0800025c   0x00000000   Code   RO         5621    .ARM.Collect$$libshutdown$$0000000F  c_w.l(libshutdown2.o)
    0x0800025c   0x0800025c   0x00000002   Code   RO         5622    .ARM.Collect$$libshutdown$$00000010  c_w.l(libshutdown2.o)
    0x0800025e   0x0800025e   0x00000000   Code   RO         5391    .ARM.Collect$$rtentry$$00000000  c_w.l(__rtentry.o)
    0x0800025e   0x0800025e   0x00000000   Code   RO         5479    .ARM.Collect$$rtentry$$00000002  c_w.l(__rtentry2.o)
    0x0800025e   0x0800025e   0x00000006   Code   RO         5491    .ARM.Collect$$rtentry$$00000004  c_w.l(__rtentry4.o)
    0x08000264   0x08000264   0x00000000   Code   RO         5481    .ARM.Collect$$rtentry$$00000009  c_w.l(__rtentry2.o)
    0x08000264   0x08000264   0x00000004   Code   RO         5482    .ARM.Collect$$rtentry$$0000000A  c_w.l(__rtentry2.o)
    0x08000268   0x08000268   0x00000000   Code   RO         5484    .ARM.Collect$$rtentry$$0000000C  c_w.l(__rtentry2.o)
    0x08000268   0x08000268   0x00000008   Code   RO         5485    .ARM.Collect$$rtentry$$0000000D  c_w.l(__rtentry2.o)
    0x08000270   0x08000270   0x00000002   Code   RO         5570    .ARM.Collect$$rtexit$$00000000  c_w.l(rtexit.o)
    0x08000272   0x08000272   0x00000000   Code   RO         5582    .ARM.Collect$$rtexit$$00000002  c_w.l(rtexit2.o)
    0x08000272   0x08000272   0x00000004   Code   RO         5583    .ARM.Collect$$rtexit$$00000003  c_w.l(rtexit2.o)
    0x08000276   0x08000276   0x00000006   Code   RO         5584    .ARM.Collect$$rtexit$$00000004  c_w.l(rtexit2.o)
    0x0800027c   0x0800027c   0x00000040   Code   RO            4    .text               startup_stm32f407xx.o
    0x080002bc   0x080002bc   0x00000018   Code   RO         5231    .text               c_w.l(noretval__2printf.o)
    0x080002d4   0x080002d4   0x00000068   Code   RO         5233    .text               c_w.l(__printf.o)
    0x0800033c   0x0800033c   0x00000052   Code   RO         5235    .text               c_w.l(_printf_str.o)
    0x0800038e   0x0800038e   0x00000002   PAD
    0x08000390   0x08000390   0x00000078   Code   RO         5237    .text               c_w.l(_printf_dec.o)
    0x08000408   0x08000408   0x00000014   Code   RO         5291    .text               c_w.l(strchr.o)
    0x0800041c   0x0800041c   0x00000064   Code   RO         5293    .text               c_w.l(rt_memcpy_w.o)
    0x08000480   0x08000480   0x00000010   Code   RO         5295    .text               c_w.l(aeabi_memset.o)
    0x08000490   0x08000490   0x00000044   Code   RO         5297    .text               c_w.l(rt_memclr.o)
    0x080004d4   0x080004d4   0x0000004e   Code   RO         5299    .text               c_w.l(rt_memclr_w.o)
    0x08000522   0x08000522   0x00000006   Code   RO         5301    .text               c_w.l(heapauxi.o)
    0x08000528   0x08000528   0x000000b2   Code   RO         5394    .text               c_w.l(_printf_intcommon.o)
    0x080005da   0x080005da   0x0000002c   Code   RO         5398    .text               c_w.l(_printf_char.o)
    0x08000606   0x08000606   0x00000002   PAD
    0x08000608   0x08000608   0x00000024   Code   RO         5400    .text               c_w.l(_printf_char_file.o)
    0x0800062c   0x0800062c   0x00000030   Code   RO         5505    .text               c_w.l(_printf_char_common.o)
    0x0800065c   0x0800065c   0x00000008   Code   RO         5534    .text               c_w.l(ferror.o)
    0x08000664   0x08000664   0x00000008   Code   RO         5547    .text               c_w.l(libspace.o)
    0x0800066c   0x0800066c   0x0000004a   Code   RO         5550    .text               c_w.l(sys_stackheap_outer.o)
    0x080006b6   0x080006b6   0x00000012   Code   RO         5554    .text               c_w.l(exit.o)
    0x080006c8   0x080006c8   0x00000002   Code   RO         5578    .text               c_w.l(use_no_semi.o)
    0x080006ca   0x080006ca   0x00000000   Code   RO         5580    .text               c_w.l(indicate_semi.o)
    0x080006ca   0x080006ca   0x00000002   PAD
    0x080006cc   0x080006cc   0x0000000c   Code   RO         5594    .text               c_w.l(sys_exit.o)
    0x080006d8   0x080006d8   0x00000004   Code   RO         4166    i.CheckEEPROMContainsValidData  config.o
    0x080006dc   0x080006dc   0x000001c8   Code   RO         4167    i.CreateDefaultConfig  config.o
    0x080008a4   0x080008a4   0x00000014   Code   RO          117    i.DMA_Cmd           stm32f4xx_dma.o
    0x080008b8   0x080008b8   0x00000124   Code   RO          118    i.DMA_DeInit        stm32f4xx_dma.o
    0x080009dc   0x080009dc   0x00000006   Code   RO          123    i.DMA_GetCurrDataCounter  stm32f4xx_dma.o
    0x080009e2   0x080009e2   0x0000002c   Code   RO          128    i.DMA_ITConfig      stm32f4xx_dma.o
    0x08000a0e   0x08000a0e   0x00000002   PAD
    0x08000a10   0x08000a10   0x00000054   Code   RO          129    i.DMA_Init          stm32f4xx_dma.o
    0x08000a64   0x08000a64   0x0000000a   Code   RO          130    i.DMA_MemoryTargetConfig  stm32f4xx_dma.o
    0x08000a6e   0x08000a6e   0x00000004   Code   RO          132    i.DMA_SetCurrDataCounter  stm32f4xx_dma.o
    0x08000a72   0x08000a72   0x00000022   Code   RO          133    i.DMA_StructInit    stm32f4xx_dma.o
    0x08000a94   0x08000a94   0x00000004   Code   RO         2764    i.EXTI0_IRQHandler  exti.o
    0x08000a98   0x08000a98   0x00000004   Code   RO         2765    i.EXTI15_10_IRQHandler  exti.o
    0x08000a9c   0x08000a9c   0x00000004   Code   RO         2766    i.EXTI1_IRQHandler  exti.o
    0x08000aa0   0x08000aa0   0x00000004   Code   RO         2767    i.EXTI2_IRQHandler  exti.o
    0x08000aa4   0x08000aa4   0x00000004   Code   RO         2768    i.EXTI3_IRQHandler  exti.o
    0x08000aa8   0x08000aa8   0x00000004   Code   RO         2769    i.EXTI4_IRQHandler  exti.o
    0x08000aac   0x08000aac   0x00000004   Code   RO         2770    i.EXTI9_5_IRQHandler  exti.o
    0x08000ab0   0x08000ab0   0x00000028   Code   RO         2774    i.EXTIInit          exti.o
    0x08000ad8   0x08000ad8   0x00000040   Code   RO         2776    i.EXTI_IRQHandler   exti.o
    0x08000b18   0x08000b18   0x00000094   Code   RO         1844    i.EnableGPIOClk     main.o
    0x08000bac   0x08000bac   0x000000a2   Code   RO          314    i.GPIO_Init         stm32f4xx_gpio.o
    0x08000c4e   0x08000c4e   0x00000020   Code   RO          315    i.GPIO_PinAFConfig  stm32f4xx_gpio.o
    0x08000c6e   0x08000c6e   0x00000012   Code   RO          323    i.GPIO_StructInit   stm32f4xx_gpio.o
    0x08000c80   0x08000c80   0x00000048   Code   RO         2952    i.IOConfigGPIO      io.o
    0x08000cc8   0x08000cc8   0x0000005c   Code   RO         2953    i.IOConfigGPIOAF    io.o
    0x08000d24   0x08000d24   0x0000006c   Code   RO         2954    i.IOGetByTag        io.o
    0x08000d90   0x08000d90   0x00000040   Code   RO         2955    i.IOGlobalInit      io.o
    0x08000dd0   0x08000dd0   0x0000000c   Code   RO         2956    i.IOHi              io.o
    0x08000ddc   0x08000ddc   0x00000006   Code   RO         2957    i.IOInit            io.o
    0x08000de2   0x08000de2   0x00000012   Code   RO         2962    i.IOWrite           io.o
    0x08000df4   0x08000df4   0x00000014   Code   RO         2967    i.IO_GPIOPinIdx     io.o
    0x08000e08   0x08000e08   0x00000018   Code   RO         2968    i.IO_GPIOPortIdx    io.o
    0x08000e20   0x08000e20   0x00000004   Code   RO         2969    i.IO_GPIO_PinSource  io.o
    0x08000e24   0x08000e24   0x00000088   Code   RO         3092    i.LedInit           led.o
    0x08000eac   0x08000eac   0x00000028   Code   RO         3093    i.LedSet            led.o
    0x08000ed4   0x08000ed4   0x00000064   Code   RO           13    i.NVIC_Init         misc.o
    0x08000f38   0x08000f38   0x00000014   Code   RO           14    i.NVIC_PriorityGroupConfig  misc.o
    0x08000f4c   0x08000f4c   0x00000018   Code   RO          529    i.RCC_AHB1PeriphClockCmd  stm32f4xx_rcc.o
    0x08000f64   0x08000f64   0x00000018   Code   RO          531    i.RCC_AHB1PeriphResetCmd  stm32f4xx_rcc.o
    0x08000f7c   0x08000f7c   0x00000018   Code   RO          532    i.RCC_AHB2PeriphClockCmd  stm32f4xx_rcc.o
    0x08000f94   0x08000f94   0x00000018   Code   RO          538    i.RCC_APB1PeriphClockCmd  stm32f4xx_rcc.o
    0x08000fac   0x08000fac   0x00000018   Code   RO          540    i.RCC_APB1PeriphResetCmd  stm32f4xx_rcc.o
    0x08000fc4   0x08000fc4   0x00000018   Code   RO          541    i.RCC_APB2PeriphClockCmd  stm32f4xx_rcc.o
    0x08000fdc   0x08000fdc   0x00000018   Code   RO          543    i.RCC_APB2PeriphResetCmd  stm32f4xx_rcc.o
    0x08000ff4   0x08000ff4   0x00000010   Code   RO          546    i.RCC_ClearFlag     stm32f4xx_rcc.o
    0x08001004   0x08001004   0x00000024   Code   RO         3392    i.RCC_ClockCmd      rcc.o
    0x08001028   0x08001028   0x00000090   Code   RO          550    i.RCC_GetClocksFreq  stm32f4xx_rcc.o
    0x080010b8   0x080010b8   0x00000024   Code   RO         3393    i.RCC_ResetCmd      rcc.o
    0x080010dc   0x080010dc   0x00000018   Code   RO         4168    i.ResetEEPROM       config.o
    0x080010f4   0x080010f4   0x00000020   Code   RO         4169    i.ResetLedStatusConfig  config.o
    0x08001114   0x08001114   0x0000002c   Code   RO         4170    i.ResetLedTimerConfig  config.o
    0x08001140   0x08001140   0x0000004c   Code   RO         4172    i.ResetMotorConfig  config.o
    0x0800118c   0x0800118c   0x0000003c   Code   RO         4173    i.ResetSerialConfig  config.o
    0x080011c8   0x080011c8   0x00000064   Code   RO         4174    i.ResetSerialPinConfig  config.o
    0x0800122c   0x0800122c   0x00000014   Code   RO          873    i.SPI_Cmd           stm32f4xx_spi.o
    0x08001240   0x08001240   0x00000084   Code   RO          880    i.SPI_I2S_DeInit    stm32f4xx_spi.o
    0x080012c4   0x080012c4   0x00000038   Code   RO          886    i.SPI_Init          stm32f4xx_spi.o
    0x080012fc   0x080012fc   0x000000b4   Code   RO         2101    i.SetSysClock       system_stm32f4xx.o
    0x080013b0   0x080013b0   0x00000024   Code   RO         2172    i.SysTick_Handler   system.o
    0x080013d4   0x080013d4   0x00000024   Code   RO         2173    i.SysTick_Init      system.o
    0x080013f8   0x080013f8   0x0000005c   Code   RO         2103    i.SystemInit        system_stm32f4xx.o
    0x08001454   0x08001454   0x00000010   Code   RO         3877    i.TIM1_CC_IRQHandler  timer.o
    0x08001464   0x08001464   0x00000010   Code   RO         3878    i.TIM2_IRQHandler   timer.o
    0x08001474   0x08001474   0x00000010   Code   RO         3879    i.TIM3_IRQHandler   timer.o
    0x08001484   0x08001484   0x00000010   Code   RO         3880    i.TIM4_IRQHandler   timer.o
    0x08001494   0x08001494   0x00000014   Code   RO         1112    i.TIM_Cmd           stm32f4xx_tim.o
    0x080014a8   0x080014a8   0x00000016   Code   RO         1114    i.TIM_CtrlPWMOutputs  stm32f4xx_tim.o
    0x080014be   0x080014be   0x00000002   PAD
    0x080014c0   0x080014c0   0x00000060   Code   RO         1141    i.TIM_OC1Init       stm32f4xx_tim.o
    0x08001520   0x08001520   0x0000000c   Code   RO         1144    i.TIM_OC1PreloadConfig  stm32f4xx_tim.o
    0x0800152c   0x0800152c   0x00000080   Code   RO         1146    i.TIM_OC2Init       stm32f4xx_tim.o
    0x080015ac   0x080015ac   0x00000014   Code   RO         1149    i.TIM_OC2PreloadConfig  stm32f4xx_tim.o
    0x080015c0   0x080015c0   0x0000007c   Code   RO         1151    i.TIM_OC3Init       stm32f4xx_tim.o
    0x0800163c   0x0800163c   0x0000000c   Code   RO         1154    i.TIM_OC3PreloadConfig  stm32f4xx_tim.o
    0x08001648   0x08001648   0x00000060   Code   RO         1156    i.TIM_OC4Init       stm32f4xx_tim.o
    0x080016a8   0x080016a8   0x00000014   Code   RO         1158    i.TIM_OC4PreloadConfig  stm32f4xx_tim.o
    0x080016bc   0x080016bc   0x00000014   Code   RO         1159    i.TIM_OCStructInit  stm32f4xx_tim.o
    0x080016d0   0x080016d0   0x0000007c   Code   RO         1184    i.TIM_TimeBaseInit  stm32f4xx_tim.o
    0x0800174c   0x0800174c   0x00000012   Code   RO         1185    i.TIM_TimeBaseStructInit  stm32f4xx_tim.o
    0x0800175e   0x0800175e   0x00000002   PAD
    0x08001760   0x08001760   0x00000010   Code   RO         3763    i.USART1_IRQHandler  serial_uart_stm32f4xx.o
    0x08001770   0x08001770   0x00000010   Code   RO         3764    i.USART3_IRQHandler  serial_uart_stm32f4xx.o
    0x08001780   0x08001780   0x00000010   Code   RO         3765    i.USART6_IRQHandler  serial_uart_stm32f4xx.o
    0x08001790   0x08001790   0x0000000c   Code   RO         1653    i.USART_ClearITPendingBit  stm32f4xx_usart.o
    0x0800179c   0x0800179c   0x00000014   Code   RO         1656    i.USART_Cmd         stm32f4xx_usart.o
    0x080017b0   0x080017b0   0x00000010   Code   RO         1657    i.USART_DMACmd      stm32f4xx_usart.o
    0x080017c0   0x080017c0   0x0000003e   Code   RO         1660    i.USART_GetITStatus  stm32f4xx_usart.o
    0x080017fe   0x080017fe   0x00000014   Code   RO         1661    i.USART_HalfDuplexCmd  stm32f4xx_usart.o
    0x08001812   0x08001812   0x00000030   Code   RO         1662    i.USART_ITConfig    stm32f4xx_usart.o
    0x08001842   0x08001842   0x00000002   PAD
    0x08001844   0x08001844   0x000000ac   Code   RO         1663    i.USART_Init        stm32f4xx_usart.o
    0x080018f0   0x080018f0   0x00000008   Code   RO         1673    i.USART_SendData    stm32f4xx_usart.o
    0x080018f8   0x080018f8   0x00000034   Code   RO         4175    i.activateConfig    config.o
    0x0800192c   0x0800192c   0x00000060   Code   RO         5074    i.calculateNonDataDrivenChannel  rx.o
    0x0800198c   0x0800198c   0x00000034   Code   RO         5075    i.calculateRxChannelsAndUpdateFailsafe  rx.o
    0x080019c0   0x080019c0   0x0000004c   Code   RO         3882    i.configTimeBaseMhz  timer.o
    0x08001a0c   0x08001a0c   0x00000010   Code   RO         4180    i.constrain         config.o
    0x08001a1c   0x08001a1c   0x00000016   Code   RO         2174    i.delay             system.o
    0x08001a32   0x08001a32   0x00000002   PAD
    0x08001a34   0x08001a34   0x00000018   Code   RO         2175    i.delayMicroseconds  system.o
    0x08001a4c   0x08001a4c   0x00000110   Code   RO         5076    i.detectAndApplySignalLossBehaviour  rx.o
    0x08001b5c   0x08001b5c   0x00000014   Code   RO         4679    i.feature           feature.o
    0x08001b70   0x08001b70   0x00000010   Code   RO         4680    i.featureClear      feature.o
    0x08001b80   0x08001b80   0x00000014   Code   RO         4682    i.featureConfigured  feature.o
    0x08001b94   0x08001b94   0x00000010   Code   RO         4684    i.featureSet        feature.o
    0x08001ba4   0x08001ba4   0x00000028   Code   RO         3594    i.findNextSerialPortConfig  serial.o
    0x08001bcc   0x08001bcc   0x00000010   Code   RO         3595    i.findSerialPortConfig  serial.o
    0x08001bdc   0x08001bdc   0x0000001c   Code   RO         3596    i.findSerialPortIndexByIdentifier  serial.o
    0x08001bf8   0x08001bf8   0x00000028   Code   RO         3597    i.findSerialPortUsageByIdentifier  serial.o
    0x08001c20   0x08001c20   0x0000000e   Code   RO         1845    i.fputc             main.o
    0x08001c2e   0x08001c2e   0x00000002   PAD
    0x08001c30   0x08001c30   0x0000007c   Code   RO         4478    i.generateThrottleCurve  fc_rc.o
    0x08001cac   0x08001cac   0x0000000c   Code   RO         4565    i.getMotorCount     mixer.o
    0x08001cb8   0x08001cb8   0x0000002c   Code   RO         5077    i.getRxChannelCount  rx.o
    0x08001ce4   0x08001ce4   0x0000002c   Code   RO         4566    i.initEscEndpoints  mixer.o
    0x08001d10   0x08001d10   0x00000006   Code   RO         4686    i.intFeatureClearAll  feature.o
    0x08001d16   0x08001d16   0x00000008   Code   RO         4687    i.intFeatureSet     feature.o
    0x08001d1e   0x08001d1e   0x00000026   Code   RO         4387    i.isModeActivationConditionPresent  rc_controls.o
    0x08001d44   0x08001d44   0x0000001a   Code   RO         3677    i.isUartTransmitBufferEmpty  serial_uart.o
    0x08001d5e   0x08001d5e   0x00000002   PAD
    0x08001d60   0x08001d60   0x00000014   Code   RO         4688    i.latchActiveFeatures  feature.o
    0x08001d74   0x08001d74   0x00000084   Code   RO         3282    i.ledTimerMhzInit   pwm_output.o
    0x08001df8   0x08001df8   0x00000048   Code   RO         3884    i.lookupTimerIndex  timer.o
    0x08001e40   0x08001e40   0x000000cc   Code   RO         1846    i.main              main.o
    0x08001f0c   0x08001f0c   0x00000054   Code   RO         2176    i.micros            system.o
    0x08001f60   0x08001f60   0x0000004c   Code   RO         2177    i.microsISR         system.o
    0x08001fac   0x08001fac   0x0000000c   Code   RO         2178    i.millis            system.o
    0x08001fb8   0x08001fb8   0x00000028   Code   RO         4568    i.mixTable          mixer.o
    0x08001fe0   0x08001fe0   0x00000038   Code   RO         4569    i.mixerConfigurationOutput  mixer.o
    0x08002018   0x08002018   0x00000010   Code   RO         4570    i.mixerInit         mixer.o
    0x08002028   0x08002028   0x00000020   Code   RO         4571    i.mixerResetDisarmedMotors  mixer.o
    0x08002048   0x08002048   0x0000000c   Code   RO         4572    i.mixerUseConfigs   mixer.o
    0x08002054   0x08002054   0x00000158   Code   RO         3283    i.motorInit         pwm_output.o
    0x080021ac   0x080021ac   0x00000004   Code   RO         5078    i.nullFrameStatus   rx.o
    0x080021b0   0x080021b0   0x00000004   Code   RO         5079    i.nullReadRawRC     rx.o
    0x080021b4   0x080021b4   0x0000006c   Code   RO         3599    i.openSerialPort    serial.o
    0x08002220   0x08002220   0x00000038   Code   RO         5080    i.parseRcChannels   rx.o
    0x08002258   0x08002258   0x00000004   Code   RO         4353    i.processRx         fc_core.o
    0x0800225c   0x0800225c   0x0000000c   Code   RO         3284    i.pwmAreMotorsEnabled  pwm_output.o
    0x08002268   0x08002268   0x0000000c   Code   RO         3285    i.pwmCompleteMotorUpdate  pwm_output.o
    0x08002274   0x08002274   0x00000038   Code   RO         3286    i.pwmCompleteOneshotMotorUpdate  pwm_output.o
    0x080022ac   0x080022ac   0x00000002   Code   RO         3287    i.pwmCompleteWriteUnused  pwm_output.o
    0x080022ae   0x080022ae   0x000000a0   Code   RO         3288    i.pwmOutConfigMhz   pwm_output.o
    0x0800234e   0x0800234e   0x00000002   PAD
    0x08002350   0x08002350   0x0000000c   Code   RO         3290    i.pwmWriteMotor     pwm_output.o
    0x0800235c   0x0800235c   0x00000014   Code   RO         3291    i.pwmWriteStandard  pwm_output.o
    0x08002370   0x08002370   0x00000002   Code   RO         3292    i.pwmWriteUnused    pwm_output.o
    0x08002372   0x08002372   0x00000002   PAD
    0x08002374   0x08002374   0x0000001c   Code   RO         4648    i.readEEPROM        config_eeprom.o
    0x08002390   0x08002390   0x00000078   Code   RO         5081    i.readRxChannelsApplyRanges  rx.o
    0x08002408   0x08002408   0x00000018   Code   RO         5082    i.resetAllRxChannelRangeConfigurations  rx.o
    0x08002420   0x08002420   0x000000c4   Code   RO         4183    i.resetPidProfile   config.o
    0x080024e4   0x080024e4   0x0000005c   Code   RO         4184    i.resetProfile      config.o
    0x08002540   0x08002540   0x00000010   Code   RO         4185    i.resetRcControlsConfig  config.o
    0x08002550   0x08002550   0x000000d8   Code   RO         5083    i.rxInit            rx.o
    0x08002628   0x08002628   0x0000002c   Code   RO         3518    i.rxSerial3TestInit  rxserial3test.o
    0x08002654   0x08002654   0x00000010   Code   RO         3520    i.rxSerial3TestWrite  rxserial3test.o
    0x08002664   0x08002664   0x00000054   Code   RO         5084    i.rxUpdateCheck     rx.o
    0x080026b8   0x080026b8   0x00000050   Code   RO         5175    i.sbusDataReceiveCallBack  sbus.o
    0x08002708   0x08002708   0x000000d8   Code   RO         5176    i.sbusFrameStatus   sbus.o
    0x080027e0   0x080027e0   0x0000007c   Code   RO         5177    i.sbusInit          sbus.o
    0x0800285c   0x0800285c   0x0000001c   Code   RO         5178    i.sbusReadRawRC     sbus.o
    0x08002878   0x08002878   0x00000018   Code   RO         5000    i.scaleRange        maths.o
    0x08002890   0x08002890   0x00000034   Code   RO         3600    i.serialInit        serial.o
    0x080028c4   0x080028c4   0x00000012   Code   RO         5085    i.serialRxInit      rx.o
    0x080028d6   0x080028d6   0x00000002   PAD
    0x080028d8   0x080028d8   0x00000110   Code   RO         3766    i.serialUART        serial_uart_stm32f4xx.o
    0x080029e8   0x080029e8   0x0000000c   Code   RO         3767    i.serialUART1       serial_uart_stm32f4xx.o
    0x080029f4   0x080029f4   0x0000000c   Code   RO         3768    i.serialUART3       serial_uart_stm32f4xx.o
    0x08002a00   0x08002a00   0x0000000c   Code   RO         3769    i.serialUART6       serial_uart_stm32f4xx.o
    0x08002a0c   0x08002a0c   0x00000006   Code   RO         3602    i.serialWrite       serial.o
    0x08002a12   0x08002a12   0x00000002   PAD
    0x08002a14   0x08002a14   0x00000034   Code   RO         4188    i.setProfile        config.o
    0x08002a48   0x08002a48   0x0000001a   Code   RO         2633    i.spiInit           bus_spi.o
    0x08002a62   0x08002a62   0x00000002   PAD
    0x08002a64   0x08002a64   0x00000118   Code   RO         2634    i.spiInitDevice     bus_spi.o
    0x08002b7c   0x08002b7c   0x00000050   Code   RO         1847    i.systemInit        main.o
    0x08002bcc   0x08002bcc   0x00000036   Code   RO         4189    i.targetConfiguration  config.o
    0x08002c02   0x08002c02   0x00000002   PAD
    0x08002c04   0x08002c04   0x00000048   Code   RO         4354    i.taskMainPidLoop   fc_core.o
    0x08002c4c   0x08002c4c   0x00000018   Code   RO         4456    i.taskUpdateRxMain  fc_tasks.o
    0x08002c64   0x08002c64   0x0000007a   Code   RO         3885    i.timCCxHandler     timer.o
    0x08002cde   0x08002cde   0x0000000a   Code   RO         3887    i.timerChCCR        timer.o
    0x08002ce8   0x08002ce8   0x0000003c   Code   RO         4036    i.timerClockDivisor  timer_stm32f4xx.o
    0x08002d24   0x08002d24   0x00000034   Code   RO         3892    i.timerForceOverflow  timer.o
    0x08002d58   0x08002d58   0x0000003c   Code   RO         3893    i.timerGetByTag     timer.o
    0x08002d94   0x08002d94   0x00000084   Code   RO         3894    i.timerInit         timer.o
    0x08002e18   0x08002e18   0x00000028   Code   RO         3897    i.timerOCInit       timer.o
    0x08002e40   0x08002e40   0x00000028   Code   RO         3898    i.timerOCPreloadConfig  timer.o
    0x08002e68   0x08002e68   0x00000024   Code   RO         3899    i.timerRCC          timer.o
    0x08002e8c   0x08002e8c   0x00000096   Code   RO         3770    i.uartIrqHandler    serial_uart_stm32f4xx.o
    0x08002f22   0x08002f22   0x00000002   PAD
    0x08002f24   0x08002f24   0x00000174   Code   RO         3678    i.uartOpen          serial_uart.o
    0x08003098   0x08003098   0x0000002c   Code   RO         3679    i.uartRead          serial_uart.o
    0x080030c4   0x080030c4   0x0000008c   Code   RO         3680    i.uartReconfigure   serial_uart.o
    0x08003150   0x08003150   0x00000006   Code   RO         3681    i.uartSetBaudRate   serial_uart.o
    0x08003156   0x08003156   0x00000006   Code   RO         3682    i.uartSetMode       serial_uart.o
    0x0800315c   0x0800315c   0x0000004a   Code   RO         3683    i.uartStartTxDMA    serial_uart.o
    0x080031a6   0x080031a6   0x00000018   Code   RO         3684    i.uartTotalRxBytesWaiting  serial_uart.o
    0x080031be   0x080031be   0x00000026   Code   RO         3685    i.uartTotalTxBytesFree  serial_uart.o
    0x080031e4   0x080031e4   0x00000030   Code   RO         3686    i.uartWrite         serial_uart.o
    0x08003214   0x08003214   0x00000130   Code   RO         4480    i.updateRcCommands  fc_rc.o
    0x08003344   0x08003344   0x0000001c   Code   RO         4388    i.useRcControlsConfig  rc_controls.o
    0x08003360   0x08003360   0x00000040   Code   RO         4190    i.validateAndFixConfig  config.o
    0x080033a0   0x080033a0   0x0000002c   Code   RO         4191    i.validateAndFixGyroConfig  config.o
    0x080033cc   0x080033cc   0x00000100   Code   RO         4573    i.writeMotors       mixer.o
    0x080034cc   0x080034cc   0x0000000a   Code   RO         5543    x$fpl$fpinit        fz_wm.l(fpinit.o)
    0x080034d6   0x080034d6   0x00000002   PAD
    0x080034d8   0x080034d8   0x000000a8   Data   RO         2144    .constdata          target.o
    0x08003580   0x08003580   0x0000001a   Data   RO         2640    .constdata          bus_spi.o
    0x0800359a   0x0800359a   0x00000016   Data   RO         2973    .constdata          io.o
    0x080035b0   0x080035b0   0x0000000a   Data   RO         3294    .constdata          pwm_output.o
    0x080035ba   0x080035ba   0x00000003   Data   RO         3604    .constdata          serial.o
    0x080035bd   0x080035bd   0x00000003   PAD
    0x080035c0   0x080035c0   0x00000028   Data   RO         3687    .constdata          serial_uart.o
    0x080035e8   0x080035e8   0x00000070   Data   RO         4037    .constdata          timer_stm32f4xx.o
    0x08003658   0x08003658   0x00000040   Data   RO         4575    .constdata          mixer.o
    0x08003698   0x08003698   0x0000001c   Data   RO         5088    .constdata          rx.o
    0x080036b4   0x080036b4   0x00000020   Data   RO         5639    Region$$Table       anon$$obj.o


    Execution Region RW_IRAM1 (Exec base: 0x20000000, Load base: 0x080036d4, Size: 0x00001fd0, Max: 0x00020000, ABSOLUTE, COMPRESSED[0x00000084])

    Exec Addr    Load Addr    Size         Type   Attr      Idx    E Section Name        Object

    0x20000000   COMPRESSED   0x00000010   Data   RW          582    .data               stm32f4xx_rcc.o
    0x20000010   COMPRESSED   0x00000001   Data   RW         1848    .data               main.o
    0x20000011   COMPRESSED   0x00000003   PAD
    0x20000014   COMPRESSED   0x00000004   Data   RW         1853    .data               main.o
    0x20000018   COMPRESSED   0x00000014   Data   RW         2105    .data               system_stm32f4xx.o
    0x2000002c   COMPRESSED   0x0000000c   Data   RW         2180    .data               system.o
    0x20000038   COMPRESSED   0x00000010   Data   RW         2641    .data               bus_spi.o
    0x20000048   COMPRESSED   0x00000007   Data   RW         2779    .data               exti.o
    0x2000004f   COMPRESSED   0x00000001   Data   RW         3096    .data               led.o
    0x20000050   COMPRESSED   0x0000000c   Data   RW         3295    .data               pwm_output.o
    0x2000005c   COMPRESSED   0x00000004   Data   RW         3521    .data               rxserial3test.o
    0x20000060   COMPRESSED   0x00000008   Data   RW         3606    .data               serial.o
    0x20000068   COMPRESSED   0x0000047c   Data   RW         3771    .data               serial_uart_stm32f4xx.o
    0x200004e4   COMPRESSED   0x0000047c   Data   RW         3772    .data               serial_uart_stm32f4xx.o
    0x20000960   COMPRESSED   0x0000047c   Data   RW         3773    .data               serial_uart_stm32f4xx.o
    0x20000ddc   COMPRESSED   0x00000018   Data   RW         3774    .data               serial_uart_stm32f4xx.o
    0x20000df4   COMPRESSED   0x00000006   Data   RW         3901    .data               timer.o
    0x20000dfa   COMPRESSED   0x00000002   PAD
    0x20000dfc   COMPRESSED   0x0000000c   Data   RW         4193    .data               config.o
    0x20000e08   COMPRESSED   0x00000008   Data   RW         4355    .data               fc_core.o
    0x20000e10   COMPRESSED   0x00000001   Data   RW         4356    .data               fc_core.o
    0x20000e11   COMPRESSED   0x00000003   PAD
    0x20000e14   COMPRESSED   0x0000000c   Data   RW         4389    .data               rc_controls.o
    0x20000e20   COMPRESSED   0x00000008   Data   RW         4390    .data               rc_controls.o
    0x20000e28   COMPRESSED   0x00000004   Data   RW         4482    .data               fc_rc.o
    0x20000e2c   COMPRESSED   0x0000001c   Data   RW         4576    .data               mixer.o
    0x20000e48   COMPRESSED   0x00000004   Data   RW         4689    .data               feature.o
    0x20000e4c   COMPRESSED   0x00000020   Data   RW         5090    .data               rx.o
    0x20000e6c   COMPRESSED   0x00000008   Data   RW         5180    .data               sbus.o
    0x20000e74   COMPRESSED   0x00000008   Data   RW         5214    .data               debug.o
    0x20000e7c   COMPRESSED   0x00000001   Data   RW         5215    .data               debug.o
    0x20000e7d   COMPRESSED   0x00000003   PAD
    0x20000e80        -       0x00000010   Zero   RW         2179    .bss                system.o
    0x20000e90        -       0x00000040   Zero   RW         2777    .bss                exti.o
    0x20000ed0        -       0x00000280   Zero   RW         2972    .bss                io.o
    0x20001150        -       0x00000010   Zero   RW         3095    .bss                led.o
    0x20001160        -       0x00000140   Zero   RW         3293    .bss                pwm_output.o
    0x200012a0        -       0x00000024   Zero   RW         3603    .bss                serial.o
    0x200012c4        -       0x000000fe   Zero   RW         3900    .bss                timer.o
    0x200013c2   COMPRESSED   0x00000002   PAD
    0x200013c4        -       0x00000364   Zero   RW         4192    .bss                config.o
    0x20001728        -       0x00000018   Zero   RW         4481    .bss                fc_rc.o
    0x20001740        -       0x000000f0   Zero   RW         4574    .bss                mixer.o
    0x20001830        -       0x000000dc   Zero   RW         5087    .bss                rx.o
    0x2000190c        -       0x00000064   Zero   RW         5179    .bss                sbus.o
    0x20001970        -       0x00000060   Zero   RW         5548    .bss                c_w.l(libspace.o)
    0x200019d0        -       0x00000200   Zero   RW            2    HEAP                startup_stm32f407xx.o
    0x20001bd0        -       0x00000400   Zero   RW            1    STACK               startup_stm32f407xx.o


==============================================================================

Image component sizes


      Code (inc. data)   RO Data    RW Data    ZI Data      Debug   Object Name

         0          0          0          0          0       3004   accgyro_i2c_mpu9250.o
         0          0          0          0          0       1696   accgyro_spi_mpu9250.o
       306         24         26         16          0       3254   bus_spi.o
         0          0          0          0          0        876   button.o
      1382         86          0         12        868      14998   config.o
        28          4          0          0          0        533   config_eeprom.o
         0          0          0          9          0        550   debug.o
       132         16          0          7         64       5643   exti.o
        76         14          0          9          0       2067   fc_core.o
       428         38          0          4         24       2691   fc_rc.o
        24          4          0          0          0        563   fc_tasks.o
       106         30          0          4          0       4559   feature.o
         0          0          0          0          0       3282   gps.o
       420         38         22          0        640      14817   io.o
       176         16          0          1         16       1859   led.o
       446         72          0          5          0      56678   main.o
        24          0          0          0          0        725   maths.o
       120         14          0          0          0     285519   misc.o
       468        196         64         28        240       7076   mixer.o
         0          0          0          0          0       2829   pwm.o
       752        112         10         12        320      11769   pwm_output.o
        66          6          0         20          0       4369   rc_controls.o
        72          0          0          0          0       1310   rcc.o
       990         90         28         32        220      14157   rx.o
        60         10          0          4          0       1705   rxserial3test.o
       448         44          0          8        100       4279   sbus.o
       290         46          3          8         36       8946   serial.o
       778         12         40          0          0       9009   serial_uart.o
       506         26          0       3468          0       6804   serial_uart_stm32f4xx.o
        64         26        392          0       1536        896   startup_stm32f407xx.o
       494         24          0          0          0       6853   stm32f4xx_dma.o
       212          0          0          0          0       2569   stm32f4xx_gpio.o
       328         58          0         16          0       8327   stm32f4xx_rcc.o
       208         24          0          0          0      10986   stm32f4xx_spi.o
       712         60          0          0          0      30381   stm32f4xx_tim.o
       358          8          0          0          0       6686   stm32f4xx_usart.o
       290         38          0         12         16       7118   system.o
       272         36          0         20          0       2161   system_stm32f4xx.o
         0          0        168          0          0       2319   target.o
       704         78          0          6        254      12759   timer.o
        60         22        112          0          0       2895   timer_stm32f4xx.o

    ----------------------------------------------------------------------
     11828       1272        900       3712       4336     569517   Object Totals
         0          0         32          0          0          0   (incl. Generated)
        28          0          3         11          2          0   (incl. Padding)

    ----------------------------------------------------------------------

      Code (inc. data)   RO Data    RW Data    ZI Data      Debug   Library Member Name

        90          0          0          0          0          0   __dczerorl2.o
         8          0          0          0          0         68   __main.o
       104          0          0          0          0         84   __printf.o
         0          0          0          0          0          0   __rtentry.o
        12          0          0          0          0          0   __rtentry2.o
         6          0          0          0          0          0   __rtentry4.o
        52          8          0          0          0          0   __scatter.o
        28          0          0          0          0          0   __scatter_zi.o
        44          0          0          0          0        108   _printf_char.o
        48          6          0          0          0         96   _printf_char_common.o
        36          4          0          0          0         80   _printf_char_file.o
         6          0          0          0          0          0   _printf_d.o
       120         16          0          0          0         92   _printf_dec.o
       178          0          0          0          0         88   _printf_intcommon.o
         0          0          0          0          0          0   _printf_percent.o
         4          0          0          0          0          0   _printf_percent_end.o
         6          0          0          0          0          0   _printf_s.o
        82          0          0          0          0         80   _printf_str.o
         6          0          0          0          0          0   _printf_u.o
        16          0          0          0          0         68   aeabi_memset.o
        18          0          0          0          0         80   exit.o
         8          0          0          0          0         68   ferror.o
         6          0          0          0          0        152   heapauxi.o
         0          0          0          0          0          0   indicate_semi.o
         2          0          0          0          0          0   libinit.o
         6          0          0          0          0          0   libinit2.o
         2          0          0          0          0          0   libshutdown.o
         2          0          0          0          0          0   libshutdown2.o
         8          4          0          0         96         68   libspace.o
        24          4          0          0          0         84   noretval__2printf.o
        68          0          0          0          0         68   rt_memclr.o
        78          0          0          0          0         80   rt_memclr_w.o
       100          0          0          0          0         80   rt_memcpy_w.o
         2          0          0          0          0          0   rtexit.o
        10          0          0          0          0          0   rtexit2.o
        20          0          0          0          0         68   strchr.o
        12          4          0          0          0         68   sys_exit.o
        74          0          0          0          0         80   sys_stackheap_outer.o
         2          0          0          0          0         68   use_no_semi.o
        10          0          0          0          0        116   fpinit.o

    ----------------------------------------------------------------------
      1308         46          0          0         96       1844   Library Totals
        10          0          0          0          0          0   (incl. Padding)

    ----------------------------------------------------------------------

      Code (inc. data)   RO Data    RW Data    ZI Data      Debug   Library Name

      1288         46          0          0         96       1728   c_w.l
        10          0          0          0          0        116   fz_wm.l

    ----------------------------------------------------------------------
      1308         46          0          0         96       1844   Library Totals

    ----------------------------------------------------------------------

==============================================================================


      Code (inc. data)   RO Data    RW Data    ZI Data      Debug   

     13136       1318        900       3712       4432     552277   Grand Totals
     13136       1318        900        132       4432     552277   ELF Image Totals (compressed)
     13136       1318        900        132          0          0   ROM Totals

==============================================================================

    Total RO  Size (Code + RO Data)                14036 (  13.71kB)
    Total RW  Size (RW Data + ZI Data)              8144 (   7.95kB)
    Total ROM Size (Code + RO Data + RW Data)      14168 (  13.84kB)

==============================================================================

